Component: ARM Compiler 5.06 update 5 (build 528) Tool: armlink [4d35e2]

==============================================================================

Section Cross References

    main.o(.text) refers to lcd.o(.text) for LCD_DisplayString
    main.o(.text) refers to stm32f4xx_hal.o(.text) for HAL_Init
    main.o(.text) refers to common.o(.text) for Stm32_Clock_Init
    main.o(.text) refers to led.o(.text) for LED_Init
    main.o(.text) refers to key.o(.text) for KEY_Init
    main.o(.text) refers to rtc.o(.text) for RTC_InitConfig
    main.o(.text) refers to usart1.o(.text) for uart1_init
    main.o(.text) refers to usart2.o(.text) for uart2_init
    main.o(.text) refers to beep.o(.text) for BEEP_Init
    main.o(.text) refers to dht11.o(.text) for DHT11_Init
    main.o(.text) refers to rtc.o(.data) for RTC_DateStruct
    main.o(.text) refers to rtc.o(.bss) for RTC_TimeStruct
    main.o(.text) refers to main.o(.data) for weekdate
    main.o(.text) refers to key.o(.data) for keydown_data
    main.o(.text) refers to lcd.o(.data) for BRUSH_COLOR
    main.o(.text) refers to usart1.o(.data) for uart_byte_count
    main.o(.text) refers to usart2.o(.data) for uart2_byte_count
    main.o(.text) refers to alarm.o(.data) for Alarm_mark
    main.o(.data) refers to main.o(.conststring) for .conststring
    stm32f4xx_it.o(.text) refers to stm32f4xx_hal.o(.text) for HAL_IncTick
    system_stm32f4xx.o(.text) refers to system_stm32f4xx.o(.data) for SystemCoreClock
    system_stm32f4xx.o(.text) refers to system_stm32f4xx.o(.constdata) for AHBPrescTable
    startup_stm32f407xx.o(RESET) refers to startup_stm32f407xx.o(STACK) for __initial_sp
    startup_stm32f407xx.o(RESET) refers to startup_stm32f407xx.o(.text) for Reset_Handler
    startup_stm32f407xx.o(RESET) refers to stm32f4xx_it.o(.text) for NMI_Handler
    startup_stm32f407xx.o(RESET) refers to rtc.o(.text) for RTC_WKUP_IRQHandler
    startup_stm32f407xx.o(RESET) refers to usart1.o(.text) for USART1_IRQHandler
    startup_stm32f407xx.o(RESET) refers to usart2.o(.text) for USART2_IRQHandler
    startup_stm32f407xx.o(.text) refers to system_stm32f4xx.o(.text) for SystemInit
    startup_stm32f407xx.o(.text) refers to entry.o(.ARM.Collect$$$$00000000) for __main
    led.o(.text) refers to stm32f4xx_hal_gpio.o(.text) for HAL_GPIO_Init
    key.o(.text) refers to stm32f4xx_hal_gpio.o(.text) for HAL_GPIO_Init
    key.o(.text) refers to key.o(.data) for keyup_data
    lcd.o(.text) refers to common.o(.text) for delay_us
    lcd.o(.text) refers to lcd.o(.data) for write_gramcmd
    lcd.o(.text) refers to stm32f4xx_hal_gpio.o(.text) for HAL_GPIO_Init
    lcd.o(.text) refers to stm32f4xx_hal_sram.o(.text) for HAL_SRAM_Init
    lcd.o(.text) refers to lcd.o(.bss) for LCDSRAM_Handler
    lcd.o(.text) refers to lcd.o(.constdata) for char_1206
    rtc.o(.text) refers to stm32f4xx_hal_rtc.o(.text) for HAL_RTC_SetDate
    rtc.o(.text) refers to stm32f4xx_hal_pwr.o(.text) for HAL_PWR_EnableBkUpAccess
    rtc.o(.text) refers to stm32f4xx_hal_rcc.o(.text) for HAL_RCC_OscConfig
    rtc.o(.text) refers to stm32f4xx_hal_rcc_ex.o(.text) for HAL_RCCEx_PeriphCLKConfig
    rtc.o(.text) refers to stm32f4xx_hal_rtc_ex.o(.text) for HAL_RTCEx_SetWakeUpTimer_IT
    rtc.o(.text) refers to stm32f4xx_hal_cortex.o(.text) for HAL_NVIC_SetPriority
    rtc.o(.text) refers to printfb.o(i.__0printf$bare) for __2printf
    rtc.o(.text) refers to rtc.o(.constdata) for month_amendBuf
    rtc.o(.text) refers to rtc.o(.bss) for RTC_Handler
    rtc.o(.text) refers to rtc.o(.data) for RTC_DateStruct
    rtc.o(.text) refers to alarm.o(.data) for Alarm_mark
    usart1.o(.text) refers to stm32f4xx_hal_uart.o(.text) for HAL_UART_Init
    usart1.o(.text) refers to alarm.o(.text) for Alarm_set
    usart1.o(.text) refers to printfb.o(i.__0printf$bare) for __2printf
    usart1.o(.text) refers to usart1.o(.bss) for UART1_Handler
    usart1.o(.text) refers to usart1.o(.data) for aRxBuffer
    alarm.o(.text) refers to rtc.o(.text) for RTC_SetAlarmA
    alarm.o(.text) refers to printfb.o(i.__0printf$bare) for __2printf
    alarm.o(.text) refers to rtc.o(.data) for RTC_DateStruct
    beep.o(.text) refers to stm32f4xx_hal_gpio.o(.text) for HAL_GPIO_Init
    beep.o(.text) refers to stm32f4xx_hal.o(.text) for HAL_Delay
    beep.o(.text) refers to common.o(.text) for delay_us
    beep.o(.text) refers to memcpya.o(.text) for __aeabi_memcpy4
    beep.o(.text) refers to beep.o(.data) for melody
    beep.o(.text) refers to beep.o(.constdata) for .constdata
    beep.o(.text) refers to beep.o(.conststring) for .conststring
    dht11.o(.text) refers to stm32f4xx_hal_gpio.o(.text) for HAL_GPIO_Init
    dht11.o(.text) refers to stm32f4xx_hal.o(.text) for HAL_Delay
    dht11.o(.text) refers to common.o(.text) for delay_us
    usart2.o(.text) refers to stm32f4xx_hal_uart.o(.text) for HAL_UART_Init
    usart2.o(.text) refers to lcd.o(.text) for LCD_DisplayString
    usart2.o(.text) refers to usart2.o(.bss) for UART2_Handler
[...]
    printf7.o(i.__0snprintf$7) refers to printf7.o(i._printf_core) for _printf_core
    printf7.o(i.__0snprintf$7) refers to printf7.o(i._snputc) for _snputc
    printf7.o(i.__0sprintf$7) refers to printf7.o(i._printf_core) for _printf_core
    printf7.o(i.__0sprintf$7) refers to printf7.o(i._sputc) for _sputc
    printf7.o(i.__0vfprintf$7) refers to printf7.o(i._printf_core) for _printf_core
    printf7.o(i.__0vfprintf$7) refers to usart1.o(.text) for fputc
    printf7.o(i.__0vprintf$7) refers to printf7.o(i._printf_core) for _printf_core
    printf7.o(i.__0vprintf$7) refers to usart1.o(.text) for fputc
    printf7.o(i.__0vprintf$7) refers to stdout.o(.data) for __stdout
    printf7.o(i.__0vsnprintf$7) refers to printf7.o(i._printf_core) for _printf_core
    printf7.o(i.__0vsnprintf$7) refers to printf7.o(i._snputc) for _snputc
    printf7.o(i.__0vsprintf$7) refers to printf7.o(i._printf_core) for _printf_core
    printf7.o(i.__0vsprintf$7) refers to printf7.o(i._sputc) for _sputc
    printf7.o(i._printf_core) refers to printf7.o(i._printf_pre_padding) for _printf_pre_padding
    printf7.o(i._printf_core) refers to uldiv.o(.text) for __aeabi_uldivmod
    printf7.o(i._printf_core) refers to printf7.o(i._printf_post_padding) for _printf_post_padding
    printf8.o(i.__0fprintf$8) refers to printf8.o(i._printf_core) for _printf_core
    printf8.o(i.__0fprintf$8) refers to usart1.o(.text) for fputc
    printf8.o(i.__0printf$8) refers to printf8.o(i._printf_core) for _printf_core
    printf8.o(i.__0printf$8) refers to usart1.o(.text) for fputc
    printf8.o(i.__0printf$8) refers to stdout.o(.data) for __stdout
    printf8.o(i.__0snprintf$8) refers to printf8.o(i._printf_core) for _printf_core
    printf8.o(i.__0snprintf$8) refers to printf8.o(i._snputc) for _snputc
    printf8.o(i.__0sprintf$8) refers to printf8.o(i._printf_core) for _printf_core
    printf8.o(i.__0sprintf$8) refers to printf8.o(i._sputc) for _sputc
    printf8.o(i.__0vfprintf$8) refers to printf8.o(i._printf_core) for _printf_core
    printf8.o(i.__0vfprintf$8) refers to usart1.o(.text) for fputc
    printf8.o(i.__0vprintf$8) refers to printf8.o(i._printf_core) for _printf_core
    printf8.o(i.__0vprintf$8) refers to usart1.o(.text) for fputc
    printf8.o(i.__0vprintf$8) refers to stdout.o(.data) for __stdout
    printf8.o(i.__0vsnprintf$8) refers to printf8.o(i._printf_core) for _printf_core
    printf8.o(i.__0vsnprintf$8) refers to printf8.o(i._snputc) for _snputc
    printf8.o(i.__0vsprintf$8) refers to printf8.o(i._printf_core) for _printf_core
    printf8.o(i.__0vsprintf$8) refers to printf8.o(i._sputc) for _sputc
    printf8.o(i._printf_core) refers to printf8.o(i._printf_pre_padding) for _printf_pre_padding
    printf8.o(i._printf_core) refers to uldiv.o(.text) for __aeabi_uldivmod
    printf8.o(i._printf_core) refers to printf8.o(i._printf_post_padding) for _printf_post_padding
    printfa.o(i.__0fprintf) refers (Special) to iusefp.o(.text) for __I$use$fp
    printfa.o(i.__0fprintf) refers to printfa.o(i._printf_core) for _printf_core
    printfa.o(i.__0fprintf) refers to usart1.o(.text) for fputc
    printfa.o(i.__0printf) refers (Special) to iusefp.o(.text) for __I$use$fp
    printfa.o(i.__0printf) refers to printfa.o(i._printf_core) for _printf_core
    printfa.o(i.__0printf) refers to usart1.o(.text) for fputc
    printfa.o(i.__0printf) refers to stdout.o(.data) for __stdout
    printfa.o(i.__0snprintf) refers (Special) to iusefp.o(.text) for __I$use$fp
    printfa.o(i.__0snprintf) refers to printfa.o(i._printf_core) for _printf_core
    printfa.o(i.__0snprintf) refers to printfa.o(i._snputc) for _snputc
    printfa.o(i.__0sprintf) refers (Special) to iusefp.o(.text) for __I$use$fp
    printfa.o(i.__0sprintf) refers to printfa.o(i._printf_core) for _printf_core
    printfa.o(i.__0sprintf) refers to printfa.o(i._sputc) for _sputc
    printfa.o(i.__0vfprintf) refers (Special) to iusefp.o(.text) for __I$use$fp
    printfa.o(i.__0vfprintf) refers to printfa.o(i._printf_core) for _printf_core
    printfa.o(i.__0vfprintf) refers to usart1.o(.text) for fputc
    printfa.o(i.__0vprintf) refers (Special) to iusefp.o(.text) for __I$use$fp
    printfa.o(i.__0vprintf) refers to printfa.o(i._printf_core) for _printf_core
    printfa.o(i.__0vprintf) refers to usart1.o(.text) for fputc
    printfa.o(i.__0vprintf) refers to stdout.o(.data) for __stdout
    printfa.o(i.__0vsnprintf) refers (Special) to iusefp.o(.text) for __I$use$fp
    printfa.o(i.__0vsnprintf) refers to printfa.o(i._printf_core) for _printf_core
    printfa.o(i.__0vsnprintf) refers to printfa.o(i._snputc) for _snputc
    printfa.o(i.__0vsprintf) refers (Special) to iusefp.o(.text) for __I$use$fp
    printfa.o(i.__0vsprintf) refers to printfa.o(i._printf_core) for _printf_core
    printfa.o(i.__0vsprintf) refers to printfa.o(i._sputc) for _sputc
    printfa.o(i._fp_digits) refers (Special) to iusefp.o(.text) for __I$use$fp
    printfa.o(i._fp_digits) refers to dmul.o(.text) for __aeabi_dmul
    printfa.o(i._fp_digits) refers to ddiv.o(.text) for __aeabi_ddiv
    printfa.o(i._fp_digits) refers to cdrcmple.o(.text) for __aeabi_cdrcmple
    printfa.o(i._fp_digits) refers to dadd.o(.text) for __aeabi_dadd
    printfa.o(i._fp_digits) refers to dfixul.o(.text) for __aeabi_d2ulz
    printfa.o(i._fp_digits) refers to uldiv.o(.text) for __aeabi_uldivmod
    printfa.o(i._printf_core) refers (Special) to iusefp.o(.text) for __I$use$fp
    printfa.o(i._printf_core) refers to printfa.o(i._printf_pre_padding) for _printf_pre_padding
    printfa.o(i._printf_core) refers to uldiv.o(.text) for __aeabi_uldivmod
    printfa.o(i._printf_core) refers to printfa.o(i._printf_post_padding) for _printf_post_padding
    printfa.o(i._printf_core) refers to printfa.o(i._fp_digits) for _fp_digits
    printfa.o(i._printf_core) refers to uidiv.o(.text) for __aeabi_uidivmod
    printfa.o(i._printf_post_padding) refers (Special) to iusefp.o(.text) for __I$use$fp
    printfa.o(i._printf_pre_padding) refers (Special) to iusefp.o(.text) for __I$use$fp
    printfa.o(i._snputc) refers (Special) to iusefp.o(.text) for __I$use$fp
    printfa.o(i._sputc) refers (Special) to iusefp.o(.text) for __I$use$fp
    entry2.o(.ARM.Collect$$$$00000001) refers to entry2.o(.ARM.Collect$$$$00002712) for __lit__00000000
    entry2.o(.ARM.Collect$$$$00002712) refers to startup_stm32f407xx.o(STACK) for __initial_sp
    entry2.o(__vectab_stack_and_reset_area) refers to startup_stm32f407xx.o(STACK) for __initial_sp
    entry2.o(__vectab_stack_and_reset_area) refers to entry.o(.ARM.Collect$$$$00000000) for __main
    entry5.o(.ARM.Collect$$$$00000004) refers to init.o(.text) for __scatterload
    entry9a.o(.ARM.Collect$$$$0000000B) refers to main.o(.text) for main
    entry9b.o(.ARM.Collect$$$$0000000C) refers to main.o(.text) for main
    dadd.o(.text) refers to llshl.o(.text) for __aeabi_llsl
    dadd.o(.text) refers to llsshr.o(.text) for __aeabi_lasr
    dadd.o(.text) refers to depilogue.o(.text) for _double_epilogue
    dmul.o(.text) refers to depilogue.o(.text) for _double_epilogue
    ddiv.o(.text) refers to depilogue.o(.text) for _double_round
    dfixul.o(.text) refers to llushr.o(.text) for __aeabi_llsr
    dfixul.o(.text) refers to llshl.o(.text) for __aeabi_llsl
    init.o(.text) refers to entry5.o(.ARM.Collect$$$$00000004) for __main_after_scatterload
    depilogue.o(.text) refers to llshl.o(.text) for __aeabi_llsl
    depilogue.o(.text) refers to llushr.o(.text) for __aeabi_llsr


==============================================================================

Removing Unused input sections from the image.

    Removing main.o(.rev16_text), (4 bytes).
    Removing main.o(.revsh_text), (4 bytes).
    Removing main.o(.rrx_text), (6 bytes).
    Removing stm32f4xx_it.o(.rev16_text), (4 bytes).
    Removing stm32f4xx_it.o(.revsh_text), (4 bytes).
    Removing stm32f4xx_it.o(.rrx_text), (6 bytes).
    Removing system_stm32f4xx.o(.rev16_text), (4 bytes).
    Removing system_stm32f4xx.o(.revsh_text), (4 bytes).
    Removing system_stm32f4xx.o(.rrx_text), (6 bytes).
    Removing stm32f4xx_hal_msp.o(.rev16_text), (4 bytes).
    Removing stm32f4xx_hal_msp.o(.revsh_text), (4 bytes).
    Removing stm32f4xx_hal_msp.o(.rrx_text), (6 bytes).
    Removing startup_stm32f407xx.o(HEAP), (512 bytes).
    Removing led.o(.rev16_text), (4 bytes).
    Removing led.o(.revsh_text), (4 bytes).
    Removing led.o(.rrx_text), (6 bytes).
    Removing key.o(.rev16_text), (4 bytes).
    Removing key.o(.revsh_text), (4 bytes).
    Removing key.o(.rrx_text), (6 bytes).
    Removing lcd.o(.rev16_text), (4 bytes).
    Removing lcd.o(.revsh_text), (4 bytes).
    Removing lcd.o(.rrx_text), (6 bytes).
    Removing rtc.o(.rev16_text), (4 bytes).
    Removing rtc.o(.revsh_text), (4 bytes).
    Removing rtc.o(.rrx_text), (6 bytes).
    Removing usart1.o(.rev16_text), (4 bytes).
    Removing usart1.o(.revsh_text), (4 bytes).
    Removing usart1.o(.rrx_text), (6 bytes).
    Removing alarm.o(.rev16_text), (4 bytes).
    Removing alarm.o(.revsh_text), (4 bytes).
    Removing alarm.o(.rrx_text), (6 bytes).
    Removing beep.o(.rev16_text), (4 bytes).
    Removing beep.o(.revsh_text), (4 bytes).
    Removing beep.o(.rrx_text), (6 bytes).
    Removing dht11.o(.rev16_text), (4 bytes).
    Removing dht11.o(.revsh_text), (4 bytes).
    Removing dht11.o(.rrx_text), (6 bytes).
    Removing usart2.o(.rev16_text), (4 bytes).
    Removing usart2.o(.revsh_text), (4 bytes).
    Removing usart2.o(.rrx_text), (6 bytes).
    Removing usart.o(.rev16_text), (4 bytes).
    Removing usart.o(.revsh_text), (4 bytes).
    Removing usart.o(.rrx_text), (6 bytes).
    Removing stm32f4xx_hal.o(.rev16_text), (4 bytes).
    Removing stm32f4xx_hal.o(.revsh_text), (4 bytes).
    Removing stm32f4xx_hal.o(.rrx_text), (6 bytes).
    Removing stm32f4xx_hal_cortex.o(.rev16_text), (4 bytes).
    Removing stm32f4xx_hal_cortex.o(.revsh_text), (4 bytes).
    Removing stm32f4xx_hal_cortex.o(.rrx_text), (6 bytes).
    Removing stm32f4xx_hal_gpio.o(.rev16_text), (4 bytes).
    Removing stm32f4xx_hal_gpio.o(.revsh_text), (4 bytes).
    Removing stm32f4xx_hal_gpio.o(.rrx_text), (6 bytes).
    Removing stm32f4xx_hal_pwr.o(.rev16_text), (4 bytes).
    Removing stm32f4xx_hal_pwr.o(.revsh_text), (4 bytes).
    Removing stm32f4xx_hal_pwr.o(.rrx_text), (6 bytes).
    Removing stm32f4xx_hal_pwr_ex.o(.rev16_text), (4 bytes).
    Removing stm32f4xx_hal_pwr_ex.o(.revsh_text), (4 bytes).
    Removing stm32f4xx_hal_pwr_ex.o(.rrx_text), (6 bytes).
    Removing stm32f4xx_hal_pwr_ex.o(.text), (256 bytes).
    Removing stm32f4xx_hal_rcc.o(.rev16_text), (4 bytes).
    Removing stm32f4xx_hal_rcc.o(.revsh_text), (4 bytes).
    Removing stm32f4xx_hal_rcc.o(.rrx_text), (6 bytes).
    Removing stm32f4xx_hal_rcc_ex.o(.rev16_text), (4 bytes).
    Removing stm32f4xx_hal_rcc_ex.o(.revsh_text), (4 bytes).
    Removing stm32f4xx_hal_rcc_ex.o(.rrx_text), (6 bytes).
    Removing stm32f4xx_hal_dma_ex.o(.rev16_text), (4 bytes).
    Removing stm32f4xx_hal_dma_ex.o(.revsh_text), (4 bytes).
    Removing stm32f4xx_hal_dma_ex.o(.rrx_text), (6 bytes).
    Removing stm32f4xx_hal_dma_ex.o(.text), (4232 bytes).
    Removing stm32f4xx_hal_dma.o(.rev16_text), (4 bytes).
    Removing stm32f4xx_hal_dma.o(.revsh_text), (4 bytes).
    Removing stm32f4xx_hal_dma.o(.rrx_text), (6 bytes).
    Removing stm32f4xx_ll_fsmc.o(.rev16_text), (4 bytes).
    Removing stm32f4xx_ll_fsmc.o(.revsh_text), (4 bytes).
    Removing stm32f4xx_ll_fsmc.o(.rrx_text), (6 bytes).
    Removing stm32f4xx_hal_sram.o(.rev16_text), (4 bytes).
    Removing stm32f4xx_hal_sram.o(.revsh_text), (4 bytes).
    Removing stm32f4xx_hal_sram.o(.rrx_text), (6 bytes).
    Removing stm32f4xx_hal_rtc.o(.rev16_text), (4 bytes).
    Removing stm32f4xx_hal_rtc.o(.revsh_text), (4 bytes).
    Removing stm32f4xx_hal_rtc.o(.rrx_text), (6 bytes).
    Removing stm32f4xx_hal_rtc_ex.o(.rev16_text), (4 bytes).
    Removing stm32f4xx_hal_rtc_ex.o(.revsh_text), (4 bytes).
    Removing stm32f4xx_hal_rtc_ex.o(.rrx_text), (6 bytes).
    Removing stm32f4xx_hal_uart.o(.rev16_text), (4 bytes).
    Removing stm32f4xx_hal_uart.o(.revsh_text), (4 bytes).
    Removing stm32f4xx_hal_uart.o(.rrx_text), (6 bytes).
    Removing common.o(.rev16_text), (4 bytes).
    Removing common.o(.revsh_text), (4 bytes).
    Removing common.o(.rrx_text), (6 bytes).
    Removing common.o(.emb_text), (16 bytes).
    Removing dadd.o(.text), (334 bytes).
    Removing dmul.o(.text), (228 bytes).
    Removing ddiv.o(.text), (222 bytes).
    Removing dfixul.o(.text), (48 bytes).
    Removing cdrcmple.o(.text), (48 bytes).
    Removing depilogue.o(.text), (186 bytes).

97 unused section(s) (total 6488 bytes) removed from the image.

==============================================================================

Image Symbol Table

    Local Symbols

    Symbol Name                              Value     Ov Type        Size  Object(Section)

    ../clib/microlib/division.c              0x00000000   Number         0  uldiv.o ABSOLUTE
    ../clib/microlib/division.c              0x00000000   Number         0  uidiv.o ABSOLUTE
    ../clib/microlib/init/entry.s            0x00000000   Number         0  entry9b.o ABSOLUTE
    ../clib/microlib/init/entry.s            0x00000000   Number         0  entry8a.o ABSOLUTE
    ../clib/microlib/init/entry.s            0x00000000   Number         0  entry8b.o ABSOLUTE
    ../clib/microlib/init/entry.s            0x00000000   Number         0  entry9a.o ABSOLUTE
    ../clib/microlib/init/entry.s            0x00000000   Number         0  entry7b.o ABSOLUTE
    ../clib/microlib/init/entry.s            0x00000000   Number         0  entry2.o ABSOLUTE
    ../clib/microlib/init/entry.s            0x00000000   Number         0  entry5.o ABSOLUTE
    ../clib/microlib/init/entry.s            0x00000000   Number         0  entry7a.o ABSOLUTE
    ../clib/microlib/init/entry.s            0x00000000   Number         0  entry10a.o ABSOLUTE
    ../clib/microlib/init/entry.s            0x00000000   Number         0  entry10b.o ABSOLUTE
    ../clib/microlib/init/entry.s            0x00000000   Number         0  entry11a.o ABSOLUTE
    ../clib/microlib/init/entry.s            0x00000000   Number         0  entry11b.o ABSOLUTE
    ../clib/microlib/init/entry.s            0x00000000   Number         0  entry.o ABSOLUTE
    ../clib/microlib/longlong.c              0x00000000   Number         0  llsshr.o ABSOLUTE
    ../clib/microlib/longlong.c              0x00000000   Number         0  llshl.o ABSOLUTE
    ../clib/microlib/longlong.c              0x00000000   Number         0  llushr.o ABSOLUTE
    ../clib/microlib/printf/printf.c         0x00000000   Number         0  printfa.o ABSOLUTE
    ../clib/microlib/printf/printf.c         0x00000000   Number         0  printf5.o ABSOLUTE
    ../clib/microlib/printf/printf.c         0x00000000   Number         0  printf6.o ABSOLUTE
    ../clib/microlib/printf/printf.c         0x00000000   Number         0  printf7.o ABSOLUTE
    ../clib/microlib/printf/printf.c         0x00000000   Number         0  printf8.o ABSOLUTE
    ../clib/microlib/printf/printf.c         0x00000000   Number         0  printf3.o ABSOLUTE
    ../clib/microlib/printf/printf.c         0x00000000   Number         0  printf2.o ABSOLUTE
    ../clib/microlib/printf/printf.c         0x00000000   Number         0  printf4.o ABSOLUTE
    ../clib/microlib/printf/printf.c         0x00000000   Number         0  printf1.o ABSOLUTE
    ../clib/microlib/printf/printf.c         0x00000000   Number         0  printf0.o ABSOLUTE
    ../clib/microlib/printf/printf.c         0x00000000   Number         0  printfb.o ABSOLUTE
    ../clib/microlib/stdio/streams.c         0x00000000   Number         0  stdout.o ABSOLUTE
    ../clib/microlib/string/memcpy.c         0x00000000   Number         0  memcpyb.o ABSOLUTE
    ../clib/microlib/string/memcpy.c         0x00000000   Number         0  memcpya.o ABSOLUTE
    ../clib/microlib/stubs.s                 0x00000000   Number         0  iusefp.o ABSOLUTE
    ../fplib/microlib/fpadd.c                0x00000000   Number         0  dadd.o ABSOLUTE
    ../fplib/microlib/fpdiv.c                0x00000000   Number         0  ddiv.o ABSOLUTE
    ../fplib/microlib/fpepilogue.c           0x00000000   Number         0  depilogue.o ABSOLUTE
    ../fplib/microlib/fpfix.c                0x00000000   Number         0  dfixul.o ABSOLUTE
    ../fplib/microlib/fpmul.c                0x00000000   Number         0  dmul.o ABSOLUTE
    ..\Common\common.c                       0x00000000   Number         0  common.o ABSOLUTE
    ..\Main\main.c                           0x00000000   Number         0  main.o ABSOLUTE
    ..\Main\stm32f4xx_it.c                   0x00000000   Number         0  stm32f4xx_it.o ABSOLUTE
    ..\STM32F4xx_HAL_Driver\src\stm32f4xx_hal.c 0x00000000   Number         0  stm32f4xx_hal.o ABSOLUTE
    ..\STM32F4xx_HAL_Driver\src\stm32f4xx_hal_cortex.c 0x00000000   Number         0  stm32f4xx_hal_cortex.o ABSOLUTE
    ..\STM32F4xx_HAL_Driver\src\stm32f4xx_hal_dma.c 0x00000000   Number         0  stm32f4xx_hal_dma.o ABSOLUTE
    ..\STM32F4xx_HAL_Driver\src\stm32f4xx_hal_dma_ex.c 0x00000000   Number         0  stm32f4xx_hal_dma_ex.o ABSOLUTE
    ..\STM32F4xx_HAL_Driver\src\stm32f4xx_hal_gpio.c 0x00000000   Number         0  stm32f4xx_hal_gpio.o ABSOLUTE
    ..\STM32F4xx_HAL_Driver\src\stm32f4xx_hal_pwr.c 0x00000000   Number         0  stm32f4xx_hal_pwr.o ABSOLUTE
    ..\STM32F4xx_HAL_Driver\src\stm32f4xx_hal_pwr_ex.c 0x00000000   Number         0  stm32f4xx_hal_pwr_ex.o ABSOLUTE
    ..\STM32F4xx_HAL_Driver\src\stm32f4xx_hal_rcc.c 0x00000000   Number         0  stm32f4xx_hal_rcc.o ABSOLUTE
    ..\STM32F4xx_HAL_Driver\src\stm32f4xx_hal_rcc_ex.c 0x00000000   Number         0  stm32f4xx_hal_rcc_ex.o ABSOLUTE
    ..\STM32F4xx_HAL_Driver\src\stm32f4xx_hal_rtc.c 0x00000000   Number         0  stm32f4xx_hal_rtc.o ABSOLUTE
    ..\STM32F4xx_HAL_Driver\src\stm32f4xx_hal_rtc_ex.c 0x00000000   Number         0  stm32f4xx_hal_rtc_ex.o ABSOLUTE
    ..\STM32F4xx_HAL_Driver\src\stm32f4xx_hal_sram.c 0x00000000   Number         0  stm32f4xx_hal_sram.o ABSOLUTE
    ..\STM32F4xx_HAL_Driver\src\stm32f4xx_hal_uart.c 0x00000000   Number         0  stm32f4xx_hal_uart.o ABSOLUTE
    ..\STM32F4xx_HAL_Driver\src\stm32f4xx_ll_fsmc.c 0x00000000   Number         0  stm32f4xx_ll_fsmc.o ABSOLUTE
    ..\Startup_config\startup_stm32f407xx.s  0x00000000   Number         0  startup_stm32f407xx.o ABSOLUTE
    ..\Startup_config\stm32f4xx_hal_msp.c    0x00000000   Number         0  stm32f4xx_hal_msp.o ABSOLUTE
    ..\Startup_config\system_stm32f4xx.c     0x00000000   Number         0  system_stm32f4xx.o ABSOLUTE
    ..\USER\Alarm\Alarm.c                    0x00000000   Number         0  alarm.o ABSOLUTE
    ..\USER\DHT11\DHT11.c                    0x00000000   Number         0  dht11.o ABSOLUTE
    ..\USER\KEY\key.c                        0x00000000   Number         0  key.o ABSOLUTE
    ..\USER\LCD\lcd.c                        0x00000000   Number         0  lcd.o ABSOLUTE
    ..\USER\LED\led.c                        0x00000000   Number         0  led.o ABSOLUTE
    ..\USER\RTC\rtc.c                        0x00000000   Number         0  rtc.o ABSOLUTE
    ..\USER\UASRT\usart.c                    0x00000000   Number         0  usart.o ABSOLUTE
    ..\USER\UASRT\usart1.c                   0x00000000   Number         0  usart1.o ABSOLUTE
    ..\USER\UASRT\usart2.c                   0x00000000   Number         0  usart2.o ABSOLUTE
    ..\USER\beep\Beep.c                      0x00000000   Number         0  beep.o ABSOLUTE
    ..\\Common\\common.c                     0x00000000   Number         0  common.o ABSOLUTE
    ..\\Main\\main.c                         0x00000000   Number         0  main.o ABSOLUTE
    ..\\Main\\stm32f4xx_it.c                 0x00000000   Number         0  stm32f4xx_it.o ABSOLUTE
    ..\\STM32F4xx_HAL_Driver\\src\\stm32f4xx_hal.c 0x00000000   Number         0  stm32f4xx_hal.o ABSOLUTE
    ..\\STM32F4xx_HAL_Driver\\src\\stm32f4xx_hal_cortex.c 0x00000000   Number         0  stm32f4xx_hal_cortex.o ABSOLUTE
    ..\\STM32F4xx_HAL_Driver\\src\\stm32f4xx_hal_dma.c 0x00000000   Number         0  stm32f4xx_hal_dma.o ABSOLUTE
    ..\\STM32F4xx_HAL_Driver\\src\\stm32f4xx_hal_dma_ex.c 0x00000000   Number         0  stm32f4xx_hal_dma_ex.o ABSOLUTE
    ..\\STM32F4xx_HAL_Driver\\src\\stm32f4xx_hal_gpio.c 0x00000000   Number         0  stm32f4xx_hal_gpio.o ABSOLUTE
    ..\\STM32F4xx_HAL_Driver\\src\\stm32f4xx_hal_pwr.c 0x00000000   Number         0  stm32f4xx_hal_pwr.o ABSOLUTE
    ..\\STM32F4xx_HAL_Driver\\src\\stm32f4xx_hal_pwr_ex.c 0x00000000   Number         0  stm32f4xx_hal_pwr_ex.o ABSOLUTE
    ..\\STM32F4xx_HAL_Driver\\src\\stm32f4xx_hal_rcc.c 0x00000000   Number         0  stm32f4xx_hal_rcc.o ABSOLUTE
    ..\\STM32F4xx_HAL_Driver\\src\\stm32f4xx_hal_rcc_ex.c 0x00000000   Number         0  stm32f4xx_hal_rcc_ex.o ABSOLUTE
    ..\\STM32F4xx_HAL_Driver\\src\\stm32f4xx_hal_rtc.c 0x00000000   Number         0  stm32f4xx_hal_rtc.o ABSOLUTE
    ..\\STM32F4xx_HAL_Driver\\src\\stm32f4xx_hal_rtc_ex.c 0x00000000   Number         0  stm32f4xx_hal_rtc_ex.o ABSOLUTE
    ..\\STM32F4xx_HAL_Driver\\src\\stm32f4xx_hal_sram.c 0x00000000   Number         0  stm32f4xx_hal_sram.o ABSOLUTE
    ..\\STM32F4xx_HAL_Driver\\src\\stm32f4xx_hal_uart.c 0x00000000   Number         0  stm32f4xx_hal_uart.o ABSOLUTE
    ..\\STM32F4xx_HAL_Driver\\src\\stm32f4xx_ll_fsmc.c 0x00000000   Number         0  stm32f4xx_ll_fsmc.o ABSOLUTE
    ..\\Startup_config\\stm32f4xx_hal_msp.c  0x00000000   Number         0  stm32f4xx_hal_msp.o ABSOLUTE
    ..\\Startup_config\\system_stm32f4xx.c   0x00000000   Number         0  system_stm32f4xx.o ABSOLUTE
    ..\\USER\\Alarm\\Alarm.c                 0x00000000   Number         0  alarm.o ABSOLUTE
    ..\\USER\\DHT11\\DHT11.c                 0x00000000   Number         0  dht11.o ABSOLUTE
    ..\\USER\\KEY\\key.c                     0x00000000   Number         0  key.o ABSOLUTE
    ..\\USER\\LCD\\lcd.c                     0x00000000   Number         0  lcd.o ABSOLUTE
    ..\\USER\\LED\\led.c                     0x00000000   Number         0  led.o ABSOLUTE
    ..\\USER\\RTC\\rtc.c                     0x00000000   Number         0  rtc.o ABSOLUTE
    ..\\USER\\UASRT\\usart.c                 0x00000000   Number         0  usart.o ABSOLUTE
    ..\\USER\\UASRT\\usart1.c                0x00000000   Number         0  usart1.o ABSOLUTE
    ..\\USER\\UASRT\\usart2.c                0x00000000   Number         0  usart2.o ABSOLUTE
    ..\\USER\\beep\\Beep.c                   0x00000000   Number         0  beep.o ABSOLUTE
    cdrcmple.s                               0x00000000   Number         0  cdrcmple.o ABSOLUTE
    dc.s                                     0x00000000   Number         0  dc.o ABSOLUTE
    handlers.s                               0x00000000   Number         0  handlers.o ABSOLUTE
    init.s                                   0x00000000   Number         0  init.o ABSOLUTE
    RESET                                    0x08000000   Section      392  startup_stm32f407xx.o(RESET)
    .ARM.Collect$$$$00000000                 0x08000188   Section        0  entry.o(.ARM.Collect$$$$00000000)
    .ARM.Collect$$$$00000001                 0x08000188   Section        4  entry2.o(.ARM.Collect$$$$00000001)
    .ARM.Collect$$$$00000004                 0x0800018c   Section        4  entry5.o(.ARM.Collect$$$$00000004)
    .ARM.Collect$$$$00000008                 0x08000190   Section        0  entry7b.o(.ARM.Collect$$$$00000008)
    .ARM.Collect$$$$0000000A                 0x08000190   Section        0  entry8b.o(.ARM.Collect$$$$0000000A)
    .ARM.Collect$$$$0000000B                 0x08000190   Section        8  entry9a.o(.ARM.Collect$$$$0000000B)
    .ARM.Collect$$$$0000000D                 0x08000198   Section        0  entry10a.o(.ARM.Collect$$$$0000000D)
    .ARM.Collect$$$$0000000F                 0x08000198   Section        0  entry11a.o(.ARM.Collect$$$$0000000F)
    .ARM.Collect$$$$00002712                 0x08000198   Section        4  entry2.o(.ARM.Collect$$$$00002712)
    __lit__00000000                          0x08000198   Data           4  entry2.o(.ARM.Collect$$$$00002712)
    .text                                    0x0800019c   Section        0  main.o(.text)
    .text                                    0x08000738   Section        0  stm32f4xx_it.o(.text)
    .text                                    0x08000758   Section        0  system_stm32f4xx.o(.text)
    .text                                    0x08000878   Section        0  stm32f4xx_hal_msp.o(.text)
    .text                                    0x0800087c   Section       36  startup_stm32f407xx.o(.text)
    $v0                                      0x0800087c   Number         0  startup_stm32f407xx.o(.text)
    .text                                    0x080008a0   Section        0  led.o(.text)
    .text                                    0x080008fc   Section        0  key.o(.text)
    .text                                    0x08000a20   Section        0  lcd.o(.text)
    .text                                    0x08001790   Section        0  rtc.o(.text)
    .text                                    0x08001a00   Section        0  usart1.o(.text)
    .text                                    0x08001af4   Section        0  alarm.o(.text)
    .text                                    0x08001b60   Section        0  beep.o(.text)
    .text                                    0x08001ce4   Section        0  dht11.o(.text)
    .text                                    0x08001edc   Section        0  usart2.o(.text)
    .text                                    0x08001f90   Section        0  usart.o(.text)
    .text                                    0x08002110   Section        0  stm32f4xx_hal.o(.text)
    .text                                    0x08002304   Section        0  stm32f4xx_hal_cortex.o(.text)
    __NVIC_SetPriority                       0x08002305   Thumb Code    32  stm32f4xx_hal_cortex.o(.text)
    __NVIC_GetPriorityGrouping               0x080026b5   Thumb Code    12  stm32f4xx_hal_cortex.o(.text)
    .text                                    0x080026d4   Section        0  stm32f4xx_hal_gpio.o(.text)
    .text                                    0x08002a88   Section        0  stm32f4xx_hal_pwr.o(.text)
    .text                                    0x08002c64   Section        0  stm32f4xx_hal_rcc.o(.text)
    .text                                    0x08003550   Section        0  stm32f4xx_hal_rcc_ex.o(.text)
    .text                                    0x080039c4   Section        0  stm32f4xx_hal_dma.o(.text)
    DMA_CalcBaseAndBitshift                  0x080039c5   Thumb Code    46  stm32f4xx_hal_dma.o(.text)
    DMA_CheckFifoParam                       0x080039f3   Thumb Code   170  stm32f4xx_hal_dma.o(.text)
    DMA_SetConfig                            0x08003bf5   Thumb Code    44  stm32f4xx_hal_dma.o(.text)
    .text                                    0x08004280   Section        0  stm32f4xx_ll_fsmc.o(.text)
    .text                                    0x08004608   Section        0  stm32f4xx_hal_sram.o(.text)
    .text                                    0x08004988   Section        0  stm32f4xx_hal_rtc.o(.text)
    .text                                    0x08005500   Section        0  stm32f4xx_hal_rtc_ex.o(.text)
    .text                                    0x080062f4   Section        0  stm32f4xx_hal_uart.o(.text)
    UART_SetConfig                           0x080062f5   Thumb Code   864  stm32f4xx_hal_uart.o(.text)
    UART_WaitOnFlagUntilTimeout              0x080068ad   Thumb Code   108  stm32f4xx_hal_uart.o(.text)
    UART_EndRxTransfer                       0x08006b97   Thumb Code    32  stm32f4xx_hal_uart.o(.text)
    UART_EndTxTransfer                       0x08006bb7   Thumb Code    20  stm32f4xx_hal_uart.o(.text)
    UART_DMAError                            0x08006bcb   Thumb Code    80  stm32f4xx_hal_uart.o(.text)
    UART_DMATxHalfCplt                       0x08006c1d   Thumb Code    14  stm32f4xx_hal_uart.o(.text)
    UART_DMATransmitCplt                     0x08006c2d   Thumb Code    54  stm32f4xx_hal_uart.o(.text)
    UART_DMARxHalfCplt                       0x08006cf3   Thumb Code    14  stm32f4xx_hal_uart.o(.text)
    UART_DMAReceiveCplt                      0x08006d03   Thumb Code    70  stm32f4xx_hal_uart.o(.text)
    UART_DMARxAbortCallback                  0x080070e1   Thumb Code    52  stm32f4xx_hal_uart.o(.text)
    UART_DMATxAbortCallback                  0x08007115   Thumb Code    52  stm32f4xx_hal_uart.o(.text)
    UART_DMATxOnlyAbortCallback              0x08007223   Thumb Code    24  stm32f4xx_hal_uart.o(.text)
    UART_DMARxOnlyAbortCallback              0x080072a5   Thumb Code    24  stm32f4xx_hal_uart.o(.text)
    UART_EndTransmit_IT                      0x08007331   Thumb Code    32  stm32f4xx_hal_uart.o(.text)
    UART_Transmit_IT                         0x08007351   Thumb Code   104  stm32f4xx_hal_uart.o(.text)
    UART_DMAAbortOnError                     0x080073b9   Thumb Code    20  stm32f4xx_hal_uart.o(.text)
    UART_Receive_IT                          0x080073cd   Thumb Code   166  stm32f4xx_hal_uart.o(.text)
    .text                                    0x08007730   Section        0  common.o(.text)
    .text                                    0x08007a8c   Section        0  uldiv.o(.text)
    .text                                    0x08007aee   Section        0  memcpya.o(.text)
    .text                                    0x08007b12   Section        0  llshl.o(.text)
    .text                                    0x08007b30   Section        0  llushr.o(.text)
    .text                                    0x08007b50   Section       36  init.o(.text)
    i.__0printf$bare                         0x08007b74   Section        0  printfb.o(i.__0printf$bare)
    i.__scatterload_copy                     0x08007b84   Section       14  handlers.o(i.__scatterload_copy)
    i.__scatterload_null                     0x08007b92   Section        2  handlers.o(i.__scatterload_null)
    i.__scatterload_zeroinit                 0x08007b94   Section       14  handlers.o(i.__scatterload_zeroinit)
    i._printf_core                           0x08007ba2   Section        0  printfb.o(i._printf_core)
    _printf_core                             0x08007ba3   Thumb Code    34  printfb.o(i._printf_core)
    .constdata                               0x08007bc4   Section       24  system_stm32f4xx.o(.constdata)
    .constdata                               0x08007bdc   Section     7220  lcd.o(.constdata)
    .constdata                               0x08009810   Section       12  rtc.o(.constdata)
    .constdata                               0x0800981c   Section       28  beep.o(.constdata)
    .constdata                               0x08009838   Section        8  stm32f4xx_hal_dma.o(.constdata)
    flagBitshiftOffset                       0x08009838   Data           8  stm32f4xx_hal_dma.o(.constdata)
    .conststring                             0x08009840   Section      109  main.o(.conststring)
    .conststring                             0x080098b0   Section      246  beep.o(.conststring)
    .data                                    0x20000000   Section       58  main.o(.data)
    .data                                    0x2000003c   Section        4  system_stm32f4xx.o(.data)
    .data                                    0x20000040   Section        6  key.o(.data)
    .data                                    0x20000046   Section       18  lcd.o(.data)
    .data                                    0x20000058   Section        4  rtc.o(.data)
    .data                                    0x2000005c   Section        2  usart1.o(.data)
    .data                                    0x2000005e   Section        2  alarm.o(.data)
    .data                                    0x20000060   Section       48  beep.o(.data)
    .data                                    0x20000090   Section        2  usart2.o(.data)
    .data                                    0x20000094   Section        9  stm32f4xx_hal.o(.data)
    .data                                    0x2000009d   Section        1  common.o(.data)
    fac_us                                   0x2000009d   Data           1  common.o(.data)
    .data                                    0x200000a0   Section        4  stdout.o(.data)
    .bss                                     0x200000a4   Section       80  lcd.o(.bss)
    .bss                                     0x200000f4   Section       52  rtc.o(.bss)
    .bss                                     0x20000128   Section      164  usart1.o(.bss)
    .bss                                     0x200001cc   Section      164  usart2.o(.bss)
    STACK                                    0x20000270   Section     1024  startup_stm32f407xx.o(STACK)

    Global Symbols

    Symbol Name                              Value     Ov Type        Size  Object(Section)

    BuildAttributes$$THM_ISAv4$E$P$D$K$B$S$7EM$VFPi3$EXTD16$VFPS$VFMA$PE$A:L22UL41UL21$X:L11$S22US41US21$IEEE1$IW$USESV6$~STKCKD$USESV7$~SHL$OSPACE$ROPI$EBA8$MICROLIB$REQ8$PRES8$EABIv2 0x00000000   Number         0  anon$$obj.o ABSOLUTE
    __ARM_use_no_argv                        0x00000000   Number         0  main.o ABSOLUTE
    __cpp_initialize__aeabi_                  - Undefined Weak Reference
    __cxa_finalize                            - Undefined Weak Reference
    __decompress                              - Undefined Weak Reference
    _clock_init                               - Undefined Weak Reference
    _microlib_exit                            - Undefined Weak Reference
    __Vectors_Size                           0x00000188   Number         0  startup_stm32f407xx.o ABSOLUTE
    __Vectors                                0x08000000   Data           4  startup_stm32f407xx.o(RESET)
    __Vectors_End                            0x08000188   Data           0  startup_stm32f407xx.o(RESET)
    __main                                   0x08000189   Thumb Code     0  entry.o(.ARM.Collect$$$$00000000)
    _main_stk                                0x08000189   Thumb Code     0  entry2.o(.ARM.Collect$$$$00000001)
    _main_scatterload                        0x0800018d   Thumb Code     0  entry5.o(.ARM.Collect$$$$00000004)
    __main_after_scatterload                 0x08000191   Thumb Code     0  entry5.o(.ARM.Collect$$$$00000004)
    _main_clock                              0x08000191   Thumb Code     0  entry7b.o(.ARM.Collect$$$$00000008)
    _main_cpp_init                           0x08000191   Thumb Code     0  entry8b.o(.ARM.Collect$$$$0000000A)
    _main_init                               0x08000191   Thumb Code     0  entry9a.o(.ARM.Collect$$$$0000000B)
    __rt_final_cpp                           0x08000199   Thumb Code     0  entry10a.o(.ARM.Collect$$$$0000000D)
    __rt_final_exit                          0x08000199   Thumb Code     0  entry11a.o(.ARM.Collect$$$$0000000F)
    Time_Display                             0x0800019d   Thumb Code   198  main.o(.text)
    Adjust_Time                              0x08000263   Thumb Code   382  main.o(.text)
    main                                     0x080003e1   Thumb Code   818  main.o(.text)
    NMI_Handler                              0x08000739   Thumb Code     2  stm32f4xx_it.o(.text)
    HardFault_Handler                        0x0800073b   Thumb Code     4  stm32f4xx_it.o(.text)
    MemManage_Handler                        0x0800073f   Thumb Code     4  stm32f4xx_it.o(.text)
    BusFault_Handler                         0x08000743   Thumb Code     4  stm32f4xx_it.o(.text)
    UsageFault_Handler                       0x08000747   Thumb Code     4  stm32f4xx_it.o(.text)
    SVC_Handler                              0x0800074b   Thumb Code     2  stm32f4xx_it.o(.text)
    DebugMon_Handler                         0x0800074d   Thumb Code     2  stm32f4xx_it.o(.text)
    PendSV_Handler                           0x0800074f   Thumb Code     2  stm32f4xx_it.o(.text)
    SysTick_Handler                          0x08000751   Thumb Code     8  stm32f4xx_it.o(.text)
    SystemInit                               0x08000759   Thumb Code    82  system_stm32f4xx.o(.text)
    SystemCoreClockUpdate                    0x080007ab   Thumb Code   174  system_stm32f4xx.o(.text)
    HAL_MspInit                              0x08000879   Thumb Code     2  stm32f4xx_hal_msp.o(.text)
    HAL_MspDeInit                            0x0800087b   Thumb Code     2  stm32f4xx_hal_msp.o(.text)
    Reset_Handler                            0x0800087d   Thumb Code     8  startup_stm32f407xx.o(.text)
    ADC_IRQHandler                           0x08000897   Thumb Code     0  startup_stm32f407xx.o(.text)
    CAN1_RX0_IRQHandler                      0x08000897   Thumb Code     0  startup_stm32f407xx.o(.text)
    CAN1_RX1_IRQHandler                      0x08000897   Thumb Code     0  startup_stm32f407xx.o(.text)
    CAN1_SCE_IRQHandler                      0x08000897   Thumb Code     0  startup_stm32f407xx.o(.text)
    CAN1_TX_IRQHandler                       0x08000897   Thumb Code     0  startup_stm32f407xx.o(.text)
    CAN2_RX0_IRQHandler                      0x08000897   Thumb Code     0  startup_stm32f407xx.o(.text)
    CAN2_RX1_IRQHandler                      0x08000897   Thumb Code     0  startup_stm32f407xx.o(.text)
    CAN2_SCE_IRQHandler                      0x08000897   Thumb Code     0  startup_stm32f407xx.o(.text)
    CAN2_TX_IRQHandler                       0x08000897   Thumb Code     0  startup_stm32f407xx.o(.text)
    DCMI_IRQHandler                          0x08000897   Thumb Code     0  startup_stm32f407xx.o(.text)
    DMA1_Stream0_IRQHandler                  0x08000897   Thumb Code     0  startup_stm32f407xx.o(.text)
    DMA1_Stream1_IRQHandler                  0x08000897   Thumb Code     0  startup_stm32f407xx.o(.text)
    DMA1_Stream2_IRQHandler                  0x08000897   Thumb Code     0  startup_stm32f407xx.o(.text)
    DMA1_Stream3_IRQHandler                  0x08000897   Thumb Code     0  startup_stm32f407xx.o(.text)
    DMA1_Stream4_IRQHandler                  0x08000897   Thumb Code     0  startup_stm32f407xx.o(.text)
    DMA1_Stream5_IRQHandler                  0x08000897   Thumb Code     0  startup_stm32f407xx.o(.text)
    DMA1_Stream6_IRQHandler                  0x08000897   Thumb Code     0  startup_stm32f407xx.o(.text)
    DMA1_Stream7_IRQHandler                  0x08000897   Thumb Code     0  startup_stm32f407xx.o(.text)
    DMA2_Stream0_IRQHandler                  0x08000897   Thumb Code     0  startup_stm32f407xx.o(.text)
    DMA2_Stream1_IRQHandler                  0x08000897   Thumb Code     0  startup_stm32f407xx.o(.text)
    DMA2_Stream2_IRQHandler                  0x08000897   Thumb Code     0  startup_stm32f407xx.o(.text)
    DMA2_Stream3_IRQHandler                  0x08000897   Thumb Code     0  startup_stm32f407xx.o(.text)
    DMA2_Stream4_IRQHandler                  0x08000897   Thumb Code     0  startup_stm32f407xx.o(.text)
    DMA2_Stream5_IRQHandler                  0x08000897   Thumb Code     0  startup_stm32f407xx.o(.text)
    DMA2_Stream6_IRQHandler                  0x08000897   Thumb Code     0  startup_stm32f407xx.o(.text)
    DMA2_Stream7_IRQHandler                  0x08000897   Thumb Code     0  startup_stm32f407xx.o(.text)
    ETH_IRQHandler                           0x08000897   Thumb Code     0  startup_stm32f407xx.o(.text)
    ETH_WKUP_IRQHandler                      0x08000897   Thumb Code     0  startup_stm32f407xx.o(.text)
    EXTI0_IRQHandler                         0x08000897   Thumb Code     0  startup_stm32f407xx.o(.text)
    EXTI15_10_IRQHandler                     0x08000897   Thumb Code     0  startup_stm32f407xx.o(.text)
    EXTI1_IRQHandler                         0x08000897   Thumb Code     0  startup_stm32f407xx.o(.text)
    EXTI2_IRQHandler                         0x08000897   Thumb Code     0  startup_stm32f407xx.o(.text)
    EXTI3_IRQHandler                         0x08000897   Thumb Code     0  startup_stm32f407xx.o(.text)
    EXTI4_IRQHandler                         0x08000897   Thumb Code     0  startup_stm32f407xx.o(.text)
    EXTI9_5_IRQHandler                       0x08000897   Thumb Code     0  startup_stm32f407xx.o(.text)
    FLASH_IRQHandler                         0x08000897   Thumb Code     0  startup_stm32f407xx.o(.text)
    FMC_IRQHandler                           0x08000897   Thumb Code     0  startup_stm32f407xx.o(.text)
    FPU_IRQHandler                           0x08000897   Thumb Code     0  startup_stm32f407xx.o(.text)
    HASH_RNG_IRQHandler                      0x08000897   Thumb Code     0  startup_stm32f407xx.o(.text)
    I2C1_ER_IRQHandler                       0x08000897   Thumb Code     0  startup_stm32f407xx.o(.text)
    I2C1_EV_IRQHandler                       0x08000897   Thumb Code     0  startup_stm32f407xx.o(.text)
    I2C2_ER_IRQHandler                       0x08000897   Thumb Code     0  startup_stm32f407xx.o(.text)
    I2C2_EV_IRQHandler                       0x08000897   Thumb Code     0  startup_stm32f407xx.o(.text)
    I2C3_ER_IRQHandler                       0x08000897   Thumb Code     0  startup_stm32f407xx.o(.text)
    I2C3_EV_IRQHandler                       0x08000897   Thumb Code     0  startup_stm32f407xx.o(.text)
    OTG_FS_IRQHandler                        0x08000897   Thumb Code     0  startup_stm32f407xx.o(.text)
    OTG_FS_WKUP_IRQHandler                   0x08000897   Thumb Code     0  startup_stm32f407xx.o(.text)
    OTG_HS_EP1_IN_IRQHandler                 0x08000897   Thumb Code     0  startup_stm32f407xx.o(.text)
    OTG_HS_EP1_OUT_IRQHandler                0x08000897   Thumb Code     0  startup_stm32f407xx.o(.text)
    OTG_HS_IRQHandler                        0x08000897   Thumb Code     0  startup_stm32f407xx.o(.text)
    OTG_HS_WKUP_IRQHandler                   0x08000897   Thumb Code     0  startup_stm32f407xx.o(.text)
    PVD_IRQHandler                           0x08000897   Thumb Code     0  startup_stm32f407xx.o(.text)
    RCC_IRQHandler                           0x08000897   Thumb Code     0  startup_stm32f407xx.o(.text)
    SDIO_IRQHandler                          0x08000897   Thumb Code     0  startup_stm32f407xx.o(.text)
    SPI1_IRQHandler                          0x08000897   Thumb Code     0  startup_stm32f407xx.o(.text)
    SPI2_IRQHandler                          0x08000897   Thumb Code     0  startup_stm32f407xx.o(.text)
    SPI3_IRQHandler                          0x08000897   Thumb Code     0  startup_stm32f407xx.o(.text)
    TAMP_STAMP_IRQHandler                    0x08000897   Thumb Code     0  startup_stm32f407xx.o(.text)
    TIM1_BRK_TIM9_IRQHandler                 0x08000897   Thumb Code     0  startup_stm32f407xx.o(.text)
    TIM1_CC_IRQHandler                       0x08000897   Thumb Code     0  startup_stm32f407xx.o(.text)
    TIM1_TRG_COM_TIM11_IRQHandler            0x08000897   Thumb Code     0  startup_stm32f407xx.o(.text)
    TIM1_UP_TIM10_IRQHandler                 0x08000897   Thumb Code     0  startup_stm32f407xx.o(.text)
    TIM2_IRQHandler                          0x08000897   Thumb Code     0  startup_stm32f407xx.o(.text)
    TIM3_IRQHandler                          0x08000897   Thumb Code     0  startup_stm32f407xx.o(.text)
    TIM4_IRQHandler                          0x08000897   Thumb Code     0  startup_stm32f407xx.o(.text)
    TIM5_IRQHandler                          0x08000897   Thumb Code     0  startup_stm32f407xx.o(.text)
    TIM6_DAC_IRQHandler                      0x08000897   Thumb Code     0  startup_stm32f407xx.o(.text)
    TIM7_IRQHandler                          0x08000897   Thumb Code     0  startup_stm32f407xx.o(.text)
    TIM8_BRK_TIM12_IRQHandler                0x08000897   Thumb Code     0  startup_stm32f407xx.o(.text)
    TIM8_CC_IRQHandler                       0x08000897   Thumb Code     0  startup_stm32f407xx.o(.text)
    TIM8_TRG_COM_TIM14_IRQHandler            0x08000897   Thumb Code     0  startup_stm32f407xx.o(.text)
    TIM8_UP_TIM13_IRQHandler                 0x08000897   Thumb Code     0  startup_stm32f407xx.o(.text)
    UART4_IRQHandler                         0x08000897   Thumb Code     0  startup_stm32f407xx.o(.text)
    UART5_IRQHandler                         0x08000897   Thumb Code     0  startup_stm32f407xx.o(.text)
    USART3_IRQHandler                        0x08000897   Thumb Code     0  startup_stm32f407xx.o(.text)
    USART6_IRQHandler                        0x08000897   Thumb Code     0  startup_stm32f407xx.o(.text)
    WWDG_IRQHandler                          0x08000897   Thumb Code     0  startup_stm32f407xx.o(.text)
    LED_Init                                 0x080008a1   Thumb Code    84  led.o(.text)
    KEY_Init                                 0x080008fd   Thumb Code    66  key.o(.text)
    key_scan                                 0x0800093f   Thumb Code   192  key.o(.text)
    LCD_WriteReg                             0x08000a21   Thumb Code    10  lcd.o(.text)
    LCD_ReadReg                              0x08000a2b   Thumb Code    22  lcd.o(.text)
    lcdm_delay                               0x08000a41   Thumb Code    14  lcd.o(.text)
    LCD_WriteGRAM                            0x08000a4f   Thumb Code    10  lcd.o(.text)
    LCD_DisplayOn                            0x08000a59   Thumb Code     8  lcd.o(.text)
    LCD_DisplayOff                           0x08000a61   Thumb Code     8  lcd.o(.text)
    LCD_Open_Window                          0x08000a69   Thumb Code   166  lcd.o(.text)
    Set_Scan_Direction                       0x08000b0f   Thumb Code   204  lcd.o(.text)
    Set_Display_Mode                         0x08000bdb   Thumb Code   214  lcd.o(.text)
    LCD_SetCursor                            0x08000cb1   Thumb Code   186  lcd.o(.text)
    LCD_GetPoint                             0x08000d6b   Thumb Code   116  lcd.o(.text)
    LCD_DrawPoint                            0x08000ddf   Thumb Code    66  lcd.o(.text)
    LCD_Color_DrawPoint                      0x08000e21   Thumb Code    30  lcd.o(.text)
    Ssd1963_Set_BackLight                    0x08000e3f   Thumb Code    32  lcd.o(.text)
    LCD_Clear                                0x08000e5f   Thumb Code    50  lcd.o(.text)
    HAL_SRAM_MspInit                         0x08000e91   Thumb Code   238  lcd.o(.text)
    LCD_FSMC_Config                          0x08000f7f   Thumb Code   122  lcd.o(.text)
    ILI9341_Read_id                          0x08000ff9   Thumb Code    30  lcd.o(.text)
    SSD1963_Read_id                          0x08001017   Thumb Code    28  lcd.o(.text)
    LCD_Init                                 0x08001033   Thumb Code  1020  lcd.o(.text)
    LCD_Fill_onecolor                        0x0800142f   Thumb Code    82  lcd.o(.text)
    LCD_Draw_Picture                         0x08001481   Thumb Code    94  lcd.o(.text)
    LCD_DisplayChar                          0x080014df   Thumb Code   206  lcd.o(.text)
    LCD_DisplayString                        0x080015ad   Thumb Code    64  lcd.o(.text)
    LCD_DisplayString_color                  0x080015ed   Thumb Code    68  lcd.o(.text)
    Counter_Power                            0x08001631   Thumb Code    22  lcd.o(.text)
    LCD_DisplayNum                           0x08001647   Thumb Code   244  lcd.o(.text)
    LCD_DisplayNum_color                     0x0800173b   Thumb Code    78  lcd.o(.text)
    RTC_GetWeek                              0x08001791   Thumb Code   102  rtc.o(.text)
    RTC_SetTimes                             0x080017f7   Thumb Code    92  rtc.o(.text)
    RTC_GetTimes                             0x08001853   Thumb Code    26  rtc.o(.text)
    RTC_InitConfig                           0x0800186d   Thumb Code    66  rtc.o(.text)
    HAL_RTC_MspInit                          0x080018af   Thumb Code    84  rtc.o(.text)
    RTC_Set_WakeUp                           0x08001903   Thumb Code    54  rtc.o(.text)
    RTC_WKUP_IRQHandler                      0x08001939   Thumb Code    10  rtc.o(.text)
    HAL_RTCEx_WakeUpTimerEventCallback       0x08001943   Thumb Code    18  rtc.o(.text)
    RTC_SetAlarmA                            0x08001955   Thumb Code    84  rtc.o(.text)
    RTC_Alarm_IRQHandler                     0x080019a9   Thumb Code    10  rtc.o(.text)
    HAL_RTC_AlarmAEventCallback              0x080019b3   Thumb Code    18  rtc.o(.text)
    uart1_init                               0x08001a01   Thumb Code    44  usart1.o(.text)
    fputc                                    0x08001a2d   Thumb Code    22  usart1.o(.text)
    uart1SendChar                            0x08001a43   Thumb Code    20  usart1.o(.text)
    uart1SendChars                           0x08001a57   Thumb Code    26  usart1.o(.text)
    USART1_IRQHandler                        0x08001a71   Thumb Code    56  usart1.o(.text)
    usart_disp                               0x08001aa9   Thumb Code    42  usart1.o(.text)
    Alarm_set                                0x08001af5   Thumb Code    88  alarm.o(.text)
    BEEP_Init                                0x08001b61   Thumb Code    70  beep.o(.text)
    beep_qidong                              0x08001ba7   Thumb Code    32  beep.o(.text)
    Sound                                    0x08001bc7   Thumb Code    54  beep.o(.text)
    Sound2                                   0x08001bfd   Thumb Code    32  beep.o(.text)
    play_successful                          0x08001c1d   Thumb Code    28  beep.o(.text)
    play_failed                              0x08001c39   Thumb Code    28  beep.o(.text)
    play_music                               0x08001c55   Thumb Code   108  beep.o(.text)
    DHT11_IO_OUT                             0x08001ce5   Thumb Code    62  dht11.o(.text)
    DHT11_IO_IN                              0x08001d23   Thumb Code    62  dht11.o(.text)
    DHT11_RST                                0x08001d61   Thumb Code    40  dht11.o(.text)
    DHT11_Check                              0x08001d89   Thumb Code    84  dht11.o(.text)
    DHT11_Init                               0x08001ddd   Thumb Code    44  dht11.o(.text)
    DHT11_Read_Bit                           0x08001e09   Thumb Code    84  dht11.o(.text)
    DHT11_Read_Byte                          0x08001e5d   Thumb Code    30  dht11.o(.text)
    DHT11_Read_Data                          0x08001e7b   Thumb Code    88  dht11.o(.text)
    uart2_init                               0x08001edd   Thumb Code    44  usart2.o(.text)
    uart2SendChar                            0x08001f09   Thumb Code    22  usart2.o(.text)
    uart2SendChars                           0x08001f1f   Thumb Code    26  usart2.o(.text)
    USART2_IRQHandler                        0x08001f39   Thumb Code    56  usart2.o(.text)
    usart2_disp                              0x08001f71   Thumb Code    16  usart2.o(.text)
    HAL_UART_MspInit                         0x08001f91   Thumb Code   278  usart.o(.text)
    HAL_UART_RxCpltCallback                  0x080020a7   Thumb Code    64  usart.o(.text)
    HAL_InitTick                             0x08002113   Thumb Code    64  stm32f4xx_hal.o(.text)
    HAL_Init                                 0x08002153   Thumb Code    44  stm32f4xx_hal.o(.text)
    HAL_DeInit                               0x08002181   Thumb Code    64  stm32f4xx_hal.o(.text)
    HAL_IncTick                              0x080021c1   Thumb Code    16  stm32f4xx_hal.o(.text)
    HAL_GetTick                              0x080021d1   Thumb Code     6  stm32f4xx_hal.o(.text)
    HAL_GetTickPrio                          0x080021d7   Thumb Code     6  stm32f4xx_hal.o(.text)
    HAL_SetTickFreq                          0x080021dd   Thumb Code    32  stm32f4xx_hal.o(.text)
    HAL_GetTickFreq                          0x080021fd   Thumb Code     6  stm32f4xx_hal.o(.text)
    HAL_Delay                                0x08002203   Thumb Code    36  stm32f4xx_hal.o(.text)
    HAL_SuspendTick                          0x08002227   Thumb Code    18  stm32f4xx_hal.o(.text)
    HAL_ResumeTick                           0x08002239   Thumb Code    18  stm32f4xx_hal.o(.text)
    HAL_GetHalVersion                        0x0800224b   Thumb Code     4  stm32f4xx_hal.o(.text)
    HAL_GetREVID                             0x0800224f   Thumb Code     8  stm32f4xx_hal.o(.text)
    HAL_GetDEVID                             0x08002257   Thumb Code    10  stm32f4xx_hal.o(.text)
    HAL_DBGMCU_EnableDBGSleepMode            0x08002261   Thumb Code    14  stm32f4xx_hal.o(.text)
    HAL_DBGMCU_DisableDBGSleepMode           0x0800226f   Thumb Code    14  stm32f4xx_hal.o(.text)
    HAL_DBGMCU_EnableDBGStopMode             0x0800227d   Thumb Code    14  stm32f4xx_hal.o(.text)
    HAL_DBGMCU_DisableDBGStopMode            0x0800228b   Thumb Code    14  stm32f4xx_hal.o(.text)
    HAL_DBGMCU_EnableDBGStandbyMode          0x08002299   Thumb Code    14  stm32f4xx_hal.o(.text)
    HAL_DBGMCU_DisableDBGStandbyMode         0x080022a7   Thumb Code    14  stm32f4xx_hal.o(.text)
    HAL_EnableCompensationCell               0x080022b5   Thumb Code     8  stm32f4xx_hal.o(.text)
    HAL_DisableCompensationCell              0x080022bd   Thumb Code     8  stm32f4xx_hal.o(.text)
    HAL_GetUIDw0                             0x080022c5   Thumb Code     6  stm32f4xx_hal.o(.text)
    HAL_GetUIDw1                             0x080022cb   Thumb Code     8  stm32f4xx_hal.o(.text)
    HAL_GetUIDw2                             0x080022d3   Thumb Code     8  stm32f4xx_hal.o(.text)
    HAL_NVIC_SetPriorityGrouping             0x08002325   Thumb Code    36  stm32f4xx_hal_cortex.o(.text)
    HAL_NVIC_SetPriority                     0x08002349   Thumb Code   124  stm32f4xx_hal_cortex.o(.text)
    HAL_NVIC_EnableIRQ                       0x080023c5   Thumb Code    32  stm32f4xx_hal_cortex.o(.text)
    HAL_NVIC_DisableIRQ                      0x080023e5   Thumb Code    62  stm32f4xx_hal_cortex.o(.text)
    HAL_NVIC_SystemReset                     0x08002423   Thumb Code    64  stm32f4xx_hal_cortex.o(.text)
    HAL_SYSTICK_Config                       0x08002463   Thumb Code    52  stm32f4xx_hal_cortex.o(.text)
    HAL_MPU_Disable                          0x08002497   Thumb Code    42  stm32f4xx_hal_cortex.o(.text)
    HAL_MPU_Enable                           0x080024c1   Thumb Code    60  stm32f4xx_hal_cortex.o(.text)
    HAL_MPU_ConfigRegion                     0x080024fd   Thumb Code    90  stm32f4xx_hal_cortex.o(.text)
    HAL_NVIC_GetPriorityGrouping             0x08002557   Thumb Code     8  stm32f4xx_hal_cortex.o(.text)
    HAL_NVIC_GetPriority                     0x0800255f   Thumb Code   138  stm32f4xx_hal_cortex.o(.text)
    HAL_NVIC_SetPendingIRQ                   0x080025e9   Thumb Code    32  stm32f4xx_hal_cortex.o(.text)
    HAL_NVIC_GetPendingIRQ                   0x08002609   Thumb Code    46  stm32f4xx_hal_cortex.o(.text)
    HAL_NVIC_ClearPendingIRQ                 0x08002637   Thumb Code    30  stm32f4xx_hal_cortex.o(.text)
    HAL_NVIC_GetActive                       0x08002655   Thumb Code    46  stm32f4xx_hal_cortex.o(.text)
    HAL_SYSTICK_CLKSourceConfig              0x08002683   Thumb Code    40  stm32f4xx_hal_cortex.o(.text)
    HAL_SYSTICK_Callback                     0x080026ab   Thumb Code     2  stm32f4xx_hal_cortex.o(.text)
    HAL_SYSTICK_IRQHandler                   0x080026ad   Thumb Code     8  stm32f4xx_hal_cortex.o(.text)
    HAL_GPIO_Init                            0x080026d5   Thumb Code   466  stm32f4xx_hal_gpio.o(.text)
    HAL_GPIO_DeInit                          0x080028a7   Thumb Code   316  stm32f4xx_hal_gpio.o(.text)
    HAL_GPIO_ReadPin                         0x080029e3   Thumb Code    16  stm32f4xx_hal_gpio.o(.text)
    HAL_GPIO_WritePin                        0x080029f3   Thumb Code    12  stm32f4xx_hal_gpio.o(.text)
    HAL_GPIO_TogglePin                       0x080029ff   Thumb Code    18  stm32f4xx_hal_gpio.o(.text)
    HAL_GPIO_LockPin                         0x08002a11   Thumb Code    46  stm32f4xx_hal_gpio.o(.text)
    HAL_GPIO_EXTI_Callback                   0x08002a3f   Thumb Code     2  stm32f4xx_hal_gpio.o(.text)
    HAL_GPIO_EXTI_IRQHandler                 0x08002a41   Thumb Code    28  stm32f4xx_hal_gpio.o(.text)
    HAL_PWR_DeInit                           0x08002a89   Thumb Code    24  stm32f4xx_hal_pwr.o(.text)
    HAL_PWR_EnableBkUpAccess                 0x08002aa1   Thumb Code     8  stm32f4xx_hal_pwr.o(.text)
    HAL_PWR_DisableBkUpAccess                0x08002aa9   Thumb Code     8  stm32f4xx_hal_pwr.o(.text)
    HAL_PWR_ConfigPVD                        0x08002ab1   Thumb Code   172  stm32f4xx_hal_pwr.o(.text)
    HAL_PWR_EnablePVD                        0x08002b5d   Thumb Code     8  stm32f4xx_hal_pwr.o(.text)
    HAL_PWR_DisablePVD                       0x08002b65   Thumb Code     8  stm32f4xx_hal_pwr.o(.text)
    HAL_PWR_EnableWakeUpPin                  0x08002b6d   Thumb Code    12  stm32f4xx_hal_pwr.o(.text)
    HAL_PWR_DisableWakeUpPin                 0x08002b79   Thumb Code    12  stm32f4xx_hal_pwr.o(.text)
    HAL_PWR_EnterSLEEPMode                   0x08002b85   Thumb Code    28  stm32f4xx_hal_pwr.o(.text)
    HAL_PWR_EnterSTOPMode                    0x08002ba1   Thumb Code    54  stm32f4xx_hal_pwr.o(.text)
    HAL_PWR_EnterSTANDBYMode                 0x08002bd7   Thumb Code    32  stm32f4xx_hal_pwr.o(.text)
    HAL_PWR_PVDCallback                      0x08002bf7   Thumb Code     2  stm32f4xx_hal_pwr.o(.text)
    HAL_PWR_PVD_IRQHandler                   0x08002bf9   Thumb Code    30  stm32f4xx_hal_pwr.o(.text)
    HAL_PWR_EnableSleepOnExit                0x08002c17   Thumb Code    14  stm32f4xx_hal_pwr.o(.text)
    HAL_PWR_DisableSleepOnExit               0x08002c25   Thumb Code    14  stm32f4xx_hal_pwr.o(.text)
    HAL_PWR_EnableSEVOnPend                  0x08002c33   Thumb Code    14  stm32f4xx_hal_pwr.o(.text)
    HAL_PWR_DisableSEVOnPend                 0x08002c41   Thumb Code    14  stm32f4xx_hal_pwr.o(.text)
    HAL_RCC_OscConfig                        0x08002c69   Thumb Code  1086  stm32f4xx_hal_rcc.o(.text)
    HAL_RCC_GetSysClockFreq                  0x080030a7   Thumb Code   164  stm32f4xx_hal_rcc.o(.text)
    HAL_RCC_ClockConfig                      0x0800314b   Thumb Code   388  stm32f4xx_hal_rcc.o(.text)
    HAL_RCC_MCOConfig                        0x080032cf   Thumb Code   186  stm32f4xx_hal_rcc.o(.text)
    HAL_RCC_EnableCSS                        0x08003389   Thumb Code     8  stm32f4xx_hal_rcc.o(.text)
    HAL_RCC_DisableCSS                       0x08003391   Thumb Code     8  stm32f4xx_hal_rcc.o(.text)
    HAL_RCC_GetHCLKFreq                      0x08003399   Thumb Code     6  stm32f4xx_hal_rcc.o(.text)
    HAL_RCC_GetPCLK1Freq                     0x0800339f   Thumb Code    24  stm32f4xx_hal_rcc.o(.text)
    HAL_RCC_GetPCLK2Freq                     0x080033b7   Thumb Code    24  stm32f4xx_hal_rcc.o(.text)
    HAL_RCC_GetOscConfig                     0x080033cf   Thumb Code   278  stm32f4xx_hal_rcc.o(.text)
    HAL_RCC_GetClockConfig                   0x080034e5   Thumb Code    66  stm32f4xx_hal_rcc.o(.text)
    HAL_RCC_CSSCallback                      0x08003527   Thumb Code     2  stm32f4xx_hal_rcc.o(.text)
    HAL_RCC_NMI_IRQHandler                   0x08003529   Thumb Code    30  stm32f4xx_hal_rcc.o(.text)
    HAL_RCCEx_PeriphCLKConfig                0x08003551   Thumb Code   396  stm32f4xx_hal_rcc_ex.o(.text)
    HAL_RCCEx_GetPeriphCLKConfig             0x080036dd   Thumb Code    54  stm32f4xx_hal_rcc_ex.o(.text)
    HAL_RCCEx_GetPeriphCLKFreq               0x08003713   Thumb Code   128  stm32f4xx_hal_rcc_ex.o(.text)
    HAL_RCCEx_EnablePLLI2S                   0x08003793   Thumb Code   104  stm32f4xx_hal_rcc_ex.o(.text)
    HAL_RCCEx_DisablePLLI2S                  0x080037fb   Thumb Code    46  stm32f4xx_hal_rcc_ex.o(.text)
    HAL_RCC_DeInit                           0x08003829   Thumb Code   398  stm32f4xx_hal_rcc_ex.o(.text)
    HAL_DMA_Init                             0x08003a9d   Thumb Code   232  stm32f4xx_hal_dma.o(.text)
    HAL_DMA_DeInit                           0x08003b85   Thumb Code   112  stm32f4xx_hal_dma.o(.text)
    HAL_DMA_Start                            0x08003c21   Thumb Code   102  stm32f4xx_hal_dma.o(.text)
    HAL_DMA_Start_IT                         0x08003c87   Thumb Code   158  stm32f4xx_hal_dma.o(.text)
    HAL_DMA_Abort                            0x08003d25   Thumb Code   180  stm32f4xx_hal_dma.o(.text)
    HAL_DMA_Abort_IT                         0x08003dd9   Thumb Code    40  stm32f4xx_hal_dma.o(.text)
    HAL_DMA_PollForTransfer                  0x08003e01   Thumb Code   346  stm32f4xx_hal_dma.o(.text)
    HAL_DMA_IRQHandler                       0x08003f5b   Thumb Code   570  stm32f4xx_hal_dma.o(.text)
    HAL_DMA_RegisterCallback                 0x08004195   Thumb Code    94  stm32f4xx_hal_dma.o(.text)
    HAL_DMA_UnRegisterCallback               0x080041f3   Thumb Code   124  stm32f4xx_hal_dma.o(.text)
    HAL_DMA_GetState                         0x0800426f   Thumb Code     8  stm32f4xx_hal_dma.o(.text)
    HAL_DMA_GetError                         0x08004277   Thumb Code     6  stm32f4xx_hal_dma.o(.text)
    FSMC_NORSRAM_Init                        0x08004281   Thumb Code    88  stm32f4xx_ll_fsmc.o(.text)
    FSMC_NORSRAM_DeInit                      0x080042d9   Thumb Code    56  stm32f4xx_ll_fsmc.o(.text)
    FSMC_NORSRAM_Timing_Init                 0x08004311   Thumb Code    68  stm32f4xx_ll_fsmc.o(.text)
    FSMC_NORSRAM_Extended_Timing_Init        0x08004355   Thumb Code    66  stm32f4xx_ll_fsmc.o(.text)
    FSMC_NORSRAM_WriteOperation_Enable       0x08004397   Thumb Code    18  stm32f4xx_ll_fsmc.o(.text)
    FSMC_NORSRAM_WriteOperation_Disable      0x080043a9   Thumb Code    18  stm32f4xx_ll_fsmc.o(.text)
    FSMC_NAND_Init                           0x080043bb   Thumb Code    70  stm32f4xx_ll_fsmc.o(.text)
    FSMC_NAND_CommonSpace_Timing_Init        0x08004401   Thumb Code    54  stm32f4xx_ll_fsmc.o(.text)
    FSMC_NAND_AttributeSpace_Timing_Init     0x08004437   Thumb Code    54  stm32f4xx_ll_fsmc.o(.text)
    FSMC_NAND_DeInit                         0x0800446d   Thumb Code    66  stm32f4xx_ll_fsmc.o(.text)
    FSMC_NAND_ECC_Enable                     0x080044af   Thumb Code    28  stm32f4xx_ll_fsmc.o(.text)
    FSMC_NAND_ECC_Disable                    0x080044cb   Thumb Code    28  stm32f4xx_ll_fsmc.o(.text)
    FSMC_NAND_GetECC                         0x080044e7   Thumb Code    88  stm32f4xx_ll_fsmc.o(.text)
    FSMC_PCCARD_Init                         0x0800453f   Thumb Code    38  stm32f4xx_ll_fsmc.o(.text)
    FSMC_PCCARD_CommonSpace_Timing_Init      0x08004565   Thumb Code    38  stm32f4xx_ll_fsmc.o(.text)
    FSMC_PCCARD_AttributeSpace_Timing_Init   0x0800458b   Thumb Code    38  stm32f4xx_ll_fsmc.o(.text)
    FSMC_PCCARD_IOSpace_Timing_Init          0x080045b1   Thumb Code    38  stm32f4xx_ll_fsmc.o(.text)
    FSMC_PCCARD_DeInit                       0x080045d7   Thumb Code    32  stm32f4xx_ll_fsmc.o(.text)
    HAL_SRAM_Init                            0x0800460b   Thumb Code    88  stm32f4xx_hal_sram.o(.text)
    HAL_SRAM_MspDeInit                       0x08004663   Thumb Code     2  stm32f4xx_hal_sram.o(.text)
    HAL_SRAM_DeInit                          0x08004665   Thumb Code    34  stm32f4xx_hal_sram.o(.text)
    HAL_SRAM_DMA_XferCpltCallback            0x08004687   Thumb Code     2  stm32f4xx_hal_sram.o(.text)
    HAL_SRAM_DMA_XferErrorCallback           0x08004689   Thumb Code     2  stm32f4xx_hal_sram.o(.text)
    HAL_SRAM_Read_8b                         0x0800468b   Thumb Code    70  stm32f4xx_hal_sram.o(.text)
    HAL_SRAM_Write_8b                        0x080046d1   Thumb Code    82  stm32f4xx_hal_sram.o(.text)
    HAL_SRAM_Read_16b                        0x08004723   Thumb Code    70  stm32f4xx_hal_sram.o(.text)
    HAL_SRAM_Write_16b                       0x08004769   Thumb Code    82  stm32f4xx_hal_sram.o(.text)
    HAL_SRAM_Read_32b                        0x080047bb   Thumb Code    68  stm32f4xx_hal_sram.o(.text)
    HAL_SRAM_Write_32b                       0x080047ff   Thumb Code    80  stm32f4xx_hal_sram.o(.text)
    HAL_SRAM_Read_DMA                        0x0800484f   Thumb Code    86  stm32f4xx_hal_sram.o(.text)
    HAL_SRAM_Write_DMA                       0x080048a5   Thumb Code    98  stm32f4xx_hal_sram.o(.text)
    HAL_SRAM_WriteOperation_Enable           0x08004907   Thumb Code    54  stm32f4xx_hal_sram.o(.text)
    HAL_SRAM_WriteOperation_Disable          0x0800493d   Thumb Code    60  stm32f4xx_hal_sram.o(.text)
    HAL_SRAM_GetState                        0x08004979   Thumb Code     8  stm32f4xx_hal_sram.o(.text)
    HAL_RTC_WaitForSynchro                   0x08004989   Thumb Code    58  stm32f4xx_hal_rtc.o(.text)
    RTC_EnterInitMode                        0x080049c3   Thumb Code    62  stm32f4xx_hal_rtc.o(.text)
    HAL_RTC_Init                             0x08004a03   Thumb Code   212  stm32f4xx_hal_rtc.o(.text)
    HAL_RTC_MspDeInit                        0x08004ad7   Thumb Code     2  stm32f4xx_hal_rtc.o(.text)
    HAL_RTC_DeInit                           0x08004ad9   Thumb Code   254  stm32f4xx_hal_rtc.o(.text)
    RTC_ByteToBcd2                           0x08004bd7   Thumb Code    26  stm32f4xx_hal_rtc.o(.text)
    HAL_RTC_SetTime                          0x08004bf1   Thumb Code   296  stm32f4xx_hal_rtc.o(.text)
    RTC_Bcd2ToByte                           0x08004d19   Thumb Code    22  stm32f4xx_hal_rtc.o(.text)
    HAL_RTC_GetTime                          0x08004d2f   Thumb Code    92  stm32f4xx_hal_rtc.o(.text)
    HAL_RTC_SetDate                          0x08004d8b   Thumb Code   268  stm32f4xx_hal_rtc.o(.text)
    HAL_RTC_GetDate                          0x08004e97   Thumb Code    72  stm32f4xx_hal_rtc.o(.text)
    HAL_RTC_SetAlarm                         0x08004edf   Thumb Code   460  stm32f4xx_hal_rtc.o(.text)
    HAL_RTC_SetAlarm_IT                      0x080050ab   Thumb Code   522  stm32f4xx_hal_rtc.o(.text)
    HAL_RTC_DeactivateAlarm                  0x080052b5   Thumb Code   244  stm32f4xx_hal_rtc.o(.text)
    HAL_RTC_GetAlarm                         0x080053a9   Thumb Code   154  stm32f4xx_hal_rtc.o(.text)
    HAL_RTC_AlarmIRQHandler                  0x08005445   Thumb Code   104  stm32f4xx_hal_rtc.o(.text)
    HAL_RTC_PollForAlarmAEvent               0x080054ad   Thumb Code    74  stm32f4xx_hal_rtc.o(.text)
    HAL_RTC_GetState                         0x080054f7   Thumb Code     6  stm32f4xx_hal_rtc.o(.text)
    HAL_RTCEx_SetTimeStamp                   0x08005501   Thumb Code   122  stm32f4xx_hal_rtc_ex.o(.text)
    HAL_RTCEx_SetTimeStamp_IT                0x0800557b   Thumb Code   178  stm32f4xx_hal_rtc_ex.o(.text)
    HAL_RTCEx_DeactivateTimeStamp            0x0800562d   Thumb Code    96  stm32f4xx_hal_rtc_ex.o(.text)
    HAL_RTCEx_GetTimeStamp                   0x0800568d   Thumb Code   166  stm32f4xx_hal_rtc_ex.o(.text)
    HAL_RTCEx_SetTamper                      0x08005733   Thumb Code   124  stm32f4xx_hal_rtc_ex.o(.text)
    HAL_RTCEx_SetTamper_IT                   0x080057af   Thumb Code   200  stm32f4xx_hal_rtc_ex.o(.text)
    HAL_RTCEx_DeactivateTamper               0x08005877   Thumb Code    50  stm32f4xx_hal_rtc_ex.o(.text)
    HAL_RTCEx_Tamper2EventCallback           0x080058a9   Thumb Code     2  stm32f4xx_hal_rtc_ex.o(.text)
    HAL_RTCEx_Tamper1EventCallback           0x080058ab   Thumb Code     2  stm32f4xx_hal_rtc_ex.o(.text)
    HAL_RTCEx_TimeStampEventCallback         0x080058ad   Thumb Code     2  stm32f4xx_hal_rtc_ex.o(.text)
    HAL_RTCEx_TamperTimeStampIRQHandler      0x080058af   Thumb Code   146  stm32f4xx_hal_rtc_ex.o(.text)
    HAL_RTCEx_PollForTimeStampEvent          0x08005941   Thumb Code    92  stm32f4xx_hal_rtc_ex.o(.text)
    HAL_RTCEx_PollForTamper1Event            0x0800599d   Thumb Code    88  stm32f4xx_hal_rtc_ex.o(.text)
    HAL_RTCEx_PollForTamper2Event            0x080059f5   Thumb Code    74  stm32f4xx_hal_rtc_ex.o(.text)
    HAL_RTCEx_SetWakeUpTimer                 0x08005a3f   Thumb Code   254  stm32f4xx_hal_rtc_ex.o(.text)
    HAL_RTCEx_SetWakeUpTimer_IT              0x08005b3d   Thumb Code   316  stm32f4xx_hal_rtc_ex.o(.text)
    HAL_RTCEx_DeactivateWakeUpTimer          0x08005c79   Thumb Code   152  stm32f4xx_hal_rtc_ex.o(.text)
    HAL_RTCEx_GetWakeUpTimer                 0x08005d11   Thumb Code    10  stm32f4xx_hal_rtc_ex.o(.text)
    HAL_RTCEx_WakeUpTimerIRQHandler          0x08005d1d   Thumb Code    62  stm32f4xx_hal_rtc_ex.o(.text)
    HAL_RTCEx_PollForWakeUpTimerEvent        0x08005d5b   Thumb Code    74  stm32f4xx_hal_rtc_ex.o(.text)
    HAL_RTCEx_BKUPWrite                      0x08005da5   Thumb Code    18  stm32f4xx_hal_rtc_ex.o(.text)
    HAL_RTCEx_BKUPRead                       0x08005db7   Thumb Code    18  stm32f4xx_hal_rtc_ex.o(.text)
    HAL_RTCEx_SetCoarseCalib                 0x08005dc9   Thumb Code   138  stm32f4xx_hal_rtc_ex.o(.text)
    HAL_RTCEx_DeactivateCoarseCalib          0x08005e53   Thumb Code   126  stm32f4xx_hal_rtc_ex.o(.text)
    HAL_RTCEx_SetSmoothCalib                 0x08005ed1   Thumb Code   172  stm32f4xx_hal_rtc_ex.o(.text)
    HAL_RTCEx_SetSynchroShift                0x08005f7d   Thumb Code   224  stm32f4xx_hal_rtc_ex.o(.text)
    HAL_RTCEx_SetCalibrationOutPut           0x0800605d   Thumb Code   100  stm32f4xx_hal_rtc_ex.o(.text)
    HAL_RTCEx_DeactivateCalibrationOutPut    0x080060c1   Thumb Code    78  stm32f4xx_hal_rtc_ex.o(.text)
    HAL_RTCEx_SetRefClock                    0x0800610f   Thumb Code   126  stm32f4xx_hal_rtc_ex.o(.text)
    HAL_RTCEx_DeactivateRefClock             0x0800618d   Thumb Code   126  stm32f4xx_hal_rtc_ex.o(.text)
    HAL_RTCEx_EnableBypassShadow             0x0800620b   Thumb Code    78  stm32f4xx_hal_rtc_ex.o(.text)
    HAL_RTCEx_DisableBypassShadow            0x08006259   Thumb Code    78  stm32f4xx_hal_rtc_ex.o(.text)
    HAL_RTCEx_AlarmBEventCallback            0x080062a7   Thumb Code     2  stm32f4xx_hal_rtc_ex.o(.text)
    HAL_RTCEx_PollForAlarmBEvent             0x080062a9   Thumb Code    74  stm32f4xx_hal_rtc_ex.o(.text)
    HAL_UART_Init                            0x08006657   Thumb Code   114  stm32f4xx_hal_uart.o(.text)
    HAL_HalfDuplex_Init                      0x080066c9   Thumb Code   128  stm32f4xx_hal_uart.o(.text)
    HAL_LIN_Init                             0x08006749   Thumb Code   142  stm32f4xx_hal_uart.o(.text)
    HAL_MultiProcessor_Init                  0x080067d7   Thumb Code   154  stm32f4xx_hal_uart.o(.text)
    HAL_UART_MspDeInit                       0x08006871   Thumb Code     2  stm32f4xx_hal_uart.o(.text)
    HAL_UART_DeInit                          0x08006873   Thumb Code    58  stm32f4xx_hal_uart.o(.text)
    HAL_UART_Transmit                        0x08006919   Thumb Code   214  stm32f4xx_hal_uart.o(.text)
    HAL_UART_Receive                         0x080069ef   Thumb Code   222  stm32f4xx_hal_uart.o(.text)
    HAL_UART_Transmit_IT                     0x08006acd   Thumb Code    88  stm32f4xx_hal_uart.o(.text)
    HAL_UART_Receive_IT                      0x08006b25   Thumb Code   112  stm32f4xx_hal_uart.o(.text)
    HAL_UART_ErrorCallback                   0x08006b95   Thumb Code     2  stm32f4xx_hal_uart.o(.text)
    HAL_UART_TxHalfCpltCallback              0x08006c1b   Thumb Code     2  stm32f4xx_hal_uart.o(.text)
    HAL_UART_TxCpltCallback                  0x08006c2b   Thumb Code     2  stm32f4xx_hal_uart.o(.text)
    HAL_UART_Transmit_DMA                    0x08006c63   Thumb Code   142  stm32f4xx_hal_uart.o(.text)
    HAL_UART_RxHalfCpltCallback              0x08006cf1   Thumb Code     2  stm32f4xx_hal_uart.o(.text)
    HAL_UART_Receive_DMA                     0x08006d49   Thumb Code   182  stm32f4xx_hal_uart.o(.text)
    HAL_UART_DMAPause                        0x08006dff   Thumb Code   124  stm32f4xx_hal_uart.o(.text)
    HAL_UART_DMAResume                       0x08006e7b   Thumb Code   126  stm32f4xx_hal_uart.o(.text)
    HAL_UART_DMAStop                         0x08006ef9   Thumb Code   102  stm32f4xx_hal_uart.o(.text)
    HAL_UART_Abort                           0x08006f5f   Thumb Code   170  stm32f4xx_hal_uart.o(.text)
    HAL_UART_AbortTransmit                   0x08007009   Thumb Code    90  stm32f4xx_hal_uart.o(.text)
    HAL_UART_AbortReceive                    0x08007063   Thumb Code   124  stm32f4xx_hal_uart.o(.text)
    HAL_UART_AbortCpltCallback               0x080070df   Thumb Code     2  stm32f4xx_hal_uart.o(.text)
    HAL_UART_Abort_IT                        0x08007149   Thumb Code   216  stm32f4xx_hal_uart.o(.text)
    HAL_UART_AbortTransmitCpltCallback       0x08007221   Thumb Code     2  stm32f4xx_hal_uart.o(.text)
    HAL_UART_AbortTransmit_IT                0x0800723b   Thumb Code   104  stm32f4xx_hal_uart.o(.text)
    HAL_UART_AbortReceiveCpltCallback        0x080072a3   Thumb Code     2  stm32f4xx_hal_uart.o(.text)
    HAL_UART_AbortReceive_IT                 0x080072bd   Thumb Code   116  stm32f4xx_hal_uart.o(.text)
    HAL_UART_IRQHandler                      0x08007473   Thumb Code   354  stm32f4xx_hal_uart.o(.text)
    HAL_LIN_SendBreak                        0x080075d5   Thumb Code    62  stm32f4xx_hal_uart.o(.text)
    HAL_MultiProcessor_EnterMuteMode         0x08007613   Thumb Code    62  stm32f4xx_hal_uart.o(.text)
    HAL_MultiProcessor_ExitMuteMode          0x08007651   Thumb Code    62  stm32f4xx_hal_uart.o(.text)
    HAL_HalfDuplex_EnableTransmitter         0x0800768f   Thumb Code    68  stm32f4xx_hal_uart.o(.text)
    HAL_HalfDuplex_EnableReceiver            0x080076d3   Thumb Code    68  stm32f4xx_hal_uart.o(.text)
    HAL_UART_GetState                        0x08007717   Thumb Code    20  stm32f4xx_hal_uart.o(.text)
    HAL_UART_GetError                        0x0800772b   Thumb Code     6  stm32f4xx_hal_uart.o(.text)
    GPIO_group_OUT                           0x08007731   Thumb Code   454  common.o(.text)
    GPIO_bits_OUT                            0x080078f7   Thumb Code    92  common.o(.text)
    Stm32_Clock_Init                         0x08007953   Thumb Code   190  common.o(.text)
    delay_init                               0x08007a11   Thumb Code    16  common.o(.text)
    delay_us                                 0x08007a21   Thumb Code    68  common.o(.text)
    delay_ms                                 0x08007a65   Thumb Code    24  common.o(.text)
    __aeabi_uldivmod                         0x08007a8d   Thumb Code    98  uldiv.o(.text)
    __aeabi_memcpy                           0x08007aef   Thumb Code    36  memcpya.o(.text)
    __aeabi_memcpy4                          0x08007aef   Thumb Code     0  memcpya.o(.text)
    __aeabi_memcpy8                          0x08007aef   Thumb Code     0  memcpya.o(.text)
    __aeabi_llsl                             0x08007b13   Thumb Code    30  llshl.o(.text)
    _ll_shift_l                              0x08007b13   Thumb Code     0  llshl.o(.text)
    __aeabi_llsr                             0x08007b31   Thumb Code    32  llushr.o(.text)
    _ll_ushift_r                             0x08007b31   Thumb Code     0  llushr.o(.text)
    __scatterload                            0x08007b51   Thumb Code    28  init.o(.text)
    __scatterload_rt2                        0x08007b51   Thumb Code     0  init.o(.text)
    __0printf$bare                           0x08007b75   Thumb Code     8  printfb.o(i.__0printf$bare)
    __1printf$bare                           0x08007b75   Thumb Code     0  printfb.o(i.__0printf$bare)
    __2printf                                0x08007b75   Thumb Code     0  printfb.o(i.__0printf$bare)
    __scatterload_copy                       0x08007b85   Thumb Code    14  handlers.o(i.__scatterload_copy)
    __scatterload_null                       0x08007b93   Thumb Code     2  handlers.o(i.__scatterload_null)
    __scatterload_zeroinit                   0x08007b95   Thumb Code    14  handlers.o(i.__scatterload_zeroinit)
    AHBPrescTable                            0x08007bc4   Data          16  system_stm32f4xx.o(.constdata)
    APBPrescTable                            0x08007bd4   Data           8  system_stm32f4xx.o(.constdata)
    char_1206                                0x08007bdc   Data        1140  lcd.o(.constdata)
    char_1608                                0x08008050   Data        1520  lcd.o(.constdata)
    char_2412                                0x08008640   Data        4560  lcd.o(.constdata)
    month_amendBuf                           0x08009810   Data          12  rtc.o(.constdata)
    Region$$Table$$Base                      0x080099a8   Number         0  anon$$obj.o(Region$$Table)
    Region$$Table$$Limit                     0x080099c8   Number         0  anon$$obj.o(Region$$Table)
    weekdate                                 0x20000000   Data          28  main.o(.data)
    set_option                               0x2000001c   Data          24  main.o(.data)
    tempearture                              0x20000034   Data           2  main.o(.data)
    humidity                                 0x20000036   Data           2  main.o(.data)
    temp                                     0x20000038   Data           1  main.o(.data)
    hum                                      0x20000039   Data           1  main.o(.data)
    SystemCoreClock                          0x2000003c   Data           4  system_stm32f4xx.o(.data)
    keydown_data                             0x20000040   Data           1  key.o(.data)
    keyup_data                               0x20000041   Data           1  key.o(.data)
    key_time                                 0x20000042   Data           2  key.o(.data)
    key_tem                                  0x20000044   Data           1  key.o(.data)
    key_bak                                  0x20000045   Data           1  key.o(.data)
    BRUSH_COLOR                              0x20000046   Data           2  lcd.o(.data)
    BACK_COLOR                               0x20000048   Data           2  lcd.o(.data)
    lcd_id                                   0x2000004a   Data           2  lcd.o(.data)
    dir_flag                                 0x2000004c   Data           1  lcd.o(.data)
    lcd_width                                0x2000004e   Data           2  lcd.o(.data)
    lcd_height                               0x20000050   Data           2  lcd.o(.data)
    write_gramcmd                            0x20000052   Data           2  lcd.o(.data)
    setxcmd                                  0x20000054   Data           2  lcd.o(.data)
    setycmd                                  0x20000056   Data           2  lcd.o(.data)
    RTC_DateStruct                           0x20000058   Data           4  rtc.o(.data)
    uart_byte_count                          0x2000005c   Data           1  usart1.o(.data)
    aRxBuffer                                0x2000005d   Data           1  usart1.o(.data)
    Alarm_mark                               0x2000005e   Data           2  alarm.o(.data)
    melody                                   0x20000060   Data          48  beep.o(.data)
    uart2_byte_count                         0x20000090   Data           1  usart2.o(.data)
    aRxBuffer2                               0x20000091   Data           1  usart2.o(.data)
    uwTick                                   0x20000094   Data           4  stm32f4xx_hal.o(.data)
    uwTickPrio                               0x20000098   Data           4  stm32f4xx_hal.o(.data)
    uwTickFreq                               0x2000009c   Data           1  stm32f4xx_hal.o(.data)
    __stdout                                 0x200000a0   Data           4  stdout.o(.data)
    LCDSRAM_Handler                          0x200000a4   Data          80  lcd.o(.bss)
    RTC_Handler                              0x200000f4   Data          32  rtc.o(.bss)
    RTC_TimeStruct                           0x20000114   Data          20  rtc.o(.bss)
    receive_str                              0x20000128   Data         100  usart1.o(.bss)
    UART1_Handler                            0x2000018c   Data          64  usart1.o(.bss)
    receive2_str                             0x200001cc   Data         100  usart2.o(.bss)
    UART2_Handler                            0x20000230   Data          64  usart2.o(.bss)
    __initial_sp                             0x20000670   Data           0  startup_stm32f407xx.o(STACK)



==============================================================================

Memory Map of the image

  Image Entry point : 0x08000189

  Load Region LR_IROM1 (Base: 0x08000000, Size: 0x00009a6c, Max: 0x00100000, ABSOLUTE)

    Execution Region ER_IROM1 (Exec base: 0x08000000, Load base: 0x08000000, Size: 0x000099c8, Max: 0x00100000, ABSOLUTE)

    Exec Addr    Load Addr    Size         Type   Attr      Idx    E Section Name        Object

    0x08000000   0x08000000   0x00000188   Data   RO          356    RESET               startup_stm32f407xx.o
    0x08000188   0x08000188   0x00000000   Code   RO         1039  * .ARM.Collect$$$$00000000  mc_w.l(entry.o)
    0x08000188   0x08000188   0x00000004   Code   RO         1308    .ARM.Collect$$$$00000001  mc_w.l(entry2.o)
    0x0800018c   0x0800018c   0x00000004   Code   RO         1311    .ARM.Collect$$$$00000004  mc_w.l(entry5.o)
    0x08000190   0x08000190   0x00000000   Code   RO         1313    .ARM.Collect$$$$00000008  mc_w.l(entry7b.o)
    0x08000190   0x08000190   0x00000000   Code   RO         1315    .ARM.Collect$$$$0000000A  mc_w.l(entry8b.o)
    0x08000190   0x08000190   0x00000008   Code   RO         1316    .ARM.Collect$$$$0000000B  mc_w.l(entry9a.o)
    0x08000198   0x08000198   0x00000000   Code   RO         1318    .ARM.Collect$$$$0000000D  mc_w.l(entry10a.o)
    0x08000198   0x08000198   0x00000000   Code   RO         1320    .ARM.Collect$$$$0000000F  mc_w.l(entry11a.o)
    0x08000198   0x08000198   0x00000004   Code   RO         1309    .ARM.Collect$$$$00002712  mc_w.l(entry2.o)
    0x0800019c   0x0800019c   0x0000059c   Code   RO            4    .text               main.o
    0x08000738   0x08000738   0x00000020   Code   RO          272    .text               stm32f4xx_it.o
    0x08000758   0x08000758   0x00000120   Code   RO          302    .text               system_stm32f4xx.o
    0x08000878   0x08000878   0x00000004   Code   RO          333    .text               stm32f4xx_hal_msp.o
    0x0800087c   0x0800087c   0x00000024   Code   RO          357    .text               startup_stm32f407xx.o
    0x080008a0   0x080008a0   0x0000005c   Code   RO          364    .text               led.o
    0x080008fc   0x080008fc   0x00000124   Code   RO          388    .text               key.o
    0x08000a20   0x08000a20   0x00000d70   Code   RO          418    .text               lcd.o
    0x08001790   0x08001790   0x00000270   Code   RO          453    .text               rtc.o
    0x08001a00   0x08001a00   0x000000f4   Code   RO          486    .text               usart1.o
    0x08001af4   0x08001af4   0x0000006c   Code   RO          533    .text               alarm.o
    0x08001b60   0x08001b60   0x00000184   Code   RO          560    .text               beep.o
    0x08001ce4   0x08001ce4   0x000001f8   Code   RO          589    .text               dht11.o
    0x08001edc   0x08001edc   0x000000b4   Code   RO          613    .text               usart2.o
    0x08001f90   0x08001f90   0x00000180   Code   RO          644    .text               usart.o
    0x08002110   0x08002110   0x000001f4   Code   RO          668    .text               stm32f4xx_hal.o
    0x08002304   0x08002304   0x000003d0   Code   RO          695    .text               stm32f4xx_hal_cortex.o
    0x080026d4   0x080026d4   0x000003b4   Code   RO          723    .text               stm32f4xx_hal_gpio.o
    0x08002a88   0x08002a88   0x000001dc   Code   RO          747    .text               stm32f4xx_hal_pwr.o
    0x08002c64   0x08002c64   0x000008ec   Code   RO          795    .text               stm32f4xx_hal_rcc.o
    0x08003550   0x08003550   0x00000474   Code   RO          819    .text               stm32f4xx_hal_rcc_ex.o
    0x080039c4   0x080039c4   0x000008bc   Code   RO          867    .text               stm32f4xx_hal_dma.o
    0x08004280   0x08004280   0x00000388   Code   RO          892    .text               stm32f4xx_ll_fsmc.o
    0x08004608   0x08004608   0x00000380   Code   RO          916    .text               stm32f4xx_hal_sram.o
    0x08004988   0x08004988   0x00000b78   Code   RO          940    .text               stm32f4xx_hal_rtc.o
    0x08005500   0x08005500   0x00000df2   Code   RO          964    .text               stm32f4xx_hal_rtc_ex.o
    0x080062f2   0x080062f2   0x00000002   PAD
    0x080062f4   0x080062f4   0x0000143c   Code   RO          988    .text               stm32f4xx_hal_uart.o
    0x08007730   0x08007730   0x0000035c   Code   RO         1013    .text               common.o
    0x08007a8c   0x08007a8c   0x00000062   Code   RO         1042    .text               mc_w.l(uldiv.o)
    0x08007aee   0x08007aee   0x00000024   Code   RO         1044    .text               mc_w.l(memcpya.o)
    0x08007b12   0x08007b12   0x0000001e   Code   RO         1325    .text               mc_w.l(llshl.o)
    0x08007b30   0x08007b30   0x00000020   Code   RO         1327    .text               mc_w.l(llushr.o)
    0x08007b50   0x08007b50   0x00000024   Code   RO         1340    .text               mc_w.l(init.o)
    0x08007b74   0x08007b74   0x00000010   Code   RO         1049    i.__0printf$bare    mc_w.l(printfb.o)
    0x08007b84   0x08007b84   0x0000000e   Code   RO         1348    i.__scatterload_copy  mc_w.l(handlers.o)
    0x08007b92   0x08007b92   0x00000002   Code   RO         1349    i.__scatterload_null  mc_w.l(handlers.o)
    0x08007b94   0x08007b94   0x0000000e   Code   RO         1350    i.__scatterload_zeroinit  mc_w.l(handlers.o)
    0x08007ba2   0x08007ba2   0x00000022   Code   RO         1056    i._printf_core      mc_w.l(printfb.o)
    0x08007bc4   0x08007bc4   0x00000018   Data   RO          303    .constdata          system_stm32f4xx.o
    0x08007bdc   0x08007bdc   0x00001c34   Data   RO          420    .constdata          lcd.o
    0x08009810   0x08009810   0x0000000c   Data   RO          455    .constdata          rtc.o
    0x0800981c   0x0800981c   0x0000001c   Data   RO          561    .constdata          beep.o
    0x08009838   0x08009838   0x00000008   Data   RO          868    .constdata          stm32f4xx_hal_dma.o
    0x08009840   0x08009840   0x0000006d   Data   RO            5    .conststring        main.o
    0x080098ad   0x080098ad   0x00000003   PAD
    0x080098b0   0x080098b0   0x000000f6   Data   RO          562    .conststring        beep.o
    0x080099a6   0x080099a6   0x00000002   PAD
    0x080099a8   0x080099a8   0x00000020   Data   RO         1346    Region$$Table       anon$$obj.o


    Execution Region RW_IRAM1 (Exec base: 0x20000000, Load base: 0x080099c8, Size: 0x00000670, Max: 0x00020000, ABSOLUTE)

    Exec Addr    Load Addr    Size         Type   Attr      Idx    E Section Name        Object

    0x20000000   0x080099c8   0x0000003a   Data   RW            6    .data               main.o
    0x2000003a   0x08009a02   0x00000002   PAD
    0x2000003c   0x08009a04   0x00000004   Data   RW          304    .data               system_stm32f4xx.o
    0x20000040   0x08009a08   0x00000006   Data   RW          389    .data               key.o
    0x20000046   0x08009a0e   0x00000012   Data   RW          421    .data               lcd.o
    0x20000058   0x08009a20   0x00000004   Data   RW          456    .data               rtc.o
    0x2000005c   0x08009a24   0x00000002   Data   RW          488    .data               usart1.o
    0x2000005e   0x08009a26   0x00000002   Data   RW          534    .data               alarm.o
    0x20000060   0x08009a28   0x00000030   Data   RW          563    .data               beep.o
    0x20000090   0x08009a58   0x00000002   Data   RW          615    .data               usart2.o
    0x20000092   0x08009a5a   0x00000002   PAD
    0x20000094   0x08009a5c   0x00000009   Data   RW          669    .data               stm32f4xx_hal.o
    0x2000009d   0x08009a65   0x00000001   Data   RW         1014    .data               common.o
    0x2000009e   0x08009a66   0x00000002   PAD
    0x200000a0   0x08009a68   0x00000004   Data   RW         1322    .data               mc_w.l(stdout.o)
    0x200000a4        -       0x00000050   Zero   RW          419    .bss                lcd.o
    0x200000f4        -       0x00000034   Zero   RW          454    .bss                rtc.o
    0x20000128        -       0x000000a4   Zero   RW          487    .bss                usart1.o
    0x200001cc        -       0x000000a4   Zero   RW          614    .bss                usart2.o
    0x20000270        -       0x00000400   Zero   RW          354    STACK               startup_stm32f407xx.o


==============================================================================

Image component sizes


      Code (inc. data)   RO Data    RW Data    ZI Data      Debug   Object Name

       108         20          0          2          0       1221   alarm.o
       388         36        274         48          0       2273   beep.o
       860         48          0          1          0       3121   common.o
       504         10          0          0          0       2607   dht11.o
       292         34          0          6          0       1627   key.o
      3440        154       7220         18         80      11305   lcd.o
        92          8          0          0          0        887   led.o
      1436        324        109         58          0     713425   main.o
       624         60         12          4         52       4388   rtc.o
        36          8        392          0       1024        856   startup_stm32f407xx.o
       500         42          0          9          0       5976   stm32f4xx_hal.o
       976         20          0          0          0      36218   stm32f4xx_hal_cortex.o
      2236         26          8          0          0       7165   stm32f4xx_hal_dma.o
       948         44          0          0          0       3647   stm32f4xx_hal_gpio.o
         4          0          0          0          0        596   stm32f4xx_hal_msp.o
       476         22          0          0          0       3619   stm32f4xx_hal_pwr.o
      2284         66          0          0          0       5331   stm32f4xx_hal_rcc.o
      1140         54          0          0          0       3150   stm32f4xx_hal_rcc_ex.o
      2936         26          0          0          0       8301   stm32f4xx_hal_rtc.o
      3570         22          0          0          0      13013   stm32f4xx_hal_rtc_ex.o
       896          8          0          0          0       6428   stm32f4xx_hal_sram.o
      5180         48          0          0          0      16324   stm32f4xx_hal_uart.o
        32          0          0          0          0       1398   stm32f4xx_it.o
       904         18          0          0          0       6544   stm32f4xx_ll_fsmc.o
       288         32         24          4          0       1665   system_stm32f4xx.o
       384         42          0          0          0       1451   usart.o
       244         34          0          2        164       3739   usart1.o
       180         16          0          2        164       2317   usart2.o

    ----------------------------------------------------------------------
     30960       1222       8076        160       1484     868592   Object Totals
         0          0         32          0          0          0   (incl. Generated)
         2          0          5          6          0          0   (incl. Padding)

    ----------------------------------------------------------------------

      Code (inc. data)   RO Data    RW Data    ZI Data      Debug   Library Member Name

         0          0          0          0          0          0   entry.o
         0          0          0          0          0          0   entry10a.o
         0          0          0          0          0          0   entry11a.o
         8          4          0          0          0          0   entry2.o
         4          0          0          0          0          0   entry5.o
         0          0          0          0          0          0   entry7b.o
         0          0          0          0          0          0   entry8b.o
         8          4          0          0          0          0   entry9a.o
        30          0          0          0          0          0   handlers.o
        36          8          0          0          0         68   init.o
        30          0          0          0          0         68   llshl.o
        32          0          0          0          0         68   llushr.o
        36          0          0          0          0         68   memcpya.o
        50          8          0          0          0        152   printfb.o
         0          0          0          4          0          0   stdout.o
        98          0          0          0          0         92   uldiv.o

    ----------------------------------------------------------------------
       332         24          0          4          0        516   Library Totals
         0          0          0          0          0          0   (incl. Padding)

    ----------------------------------------------------------------------

      Code (inc. data)   RO Data    RW Data    ZI Data      Debug   Library Name

       332         24          0          4          0        516   mc_w.l

    ----------------------------------------------------------------------
       332         24          0          4          0        516   Library Totals

    ----------------------------------------------------------------------

==============================================================================


      Code (inc. data)   RO Data    RW Data    ZI Data      Debug   

     31292       1246       8076        164       1484     862504   Grand Totals
     31292       1246       8076        164       1484     862504   ELF Image Totals
     31292       1246       8076        164          0          0   ROM Totals

==============================================================================

    Total RO  Size (Code + RO Data)                39368 (  38.45kB)
    Total RW  Size (RW Data + ZI Data)              1648 (   1.61kB)
    Total ROM Size (Code + RO Data + RW Data)      39532 (  38.61kB)

==============================================================================

